Component: ARM Compiler 5.05 update 1 (build 106) Tool: armlink [4d0efa]

==============================================================================

Section Cross References

    startup_stm32f10x_md.o(STACK) refers (Special) to heapauxi.o(.text) for __use_two_region_memory
    startup_stm32f10x_md.o(HEAP) refers (Special) to heapauxi.o(.text) for __use_two_region_memory
    startup_stm32f10x_md.o(RESET) refers (Special) to heapauxi.o(.text) for __use_two_region_memory
    startup_stm32f10x_md.o(RESET) refers to startup_stm32f10x_md.o(STACK) for __initial_sp
    startup_stm32f10x_md.o(RESET) refers to startup_stm32f10x_md.o(.text) for Reset_Handler
    startup_stm32f10x_md.o(RESET) refers to stm32f10x_it.o(i.NMI_Handler) for NMI_Handler
    startup_stm32f10x_md.o(RESET) refers to stm32f10x_it.o(i.HardFault_Handler) for HardFault_Handler
    startup_stm32f10x_md.o(RESET) refers to stm32f10x_it.o(i.MemManage_Handler) for MemManage_Handler
    startup_stm32f10x_md.o(RESET) refers to stm32f10x_it.o(i.BusFault_Handler) for BusFault_Handler
    startup_stm32f10x_md.o(RESET) refers to stm32f10x_it.o(i.UsageFault_Handler) for UsageFault_Handler
    startup_stm32f10x_md.o(RESET) refers to stm32f10x_it.o(i.SVC_Handler) for SVC_Handler
    startup_stm32f10x_md.o(RESET) refers to stm32f10x_it.o(i.DebugMon_Handler) for DebugMon_Handler
    startup_stm32f10x_md.o(RESET) refers to os_cpu_a.o(CODE) for PendSV_Handler
    startup_stm32f10x_md.o(RESET) refers to os_cpu_c.o(i.SysTick_Handler) for SysTick_Handler
    startup_stm32f10x_md.o(RESET) refers to usart1.o(i.USART1_IRQHandler) for USART1_IRQHandler
    startup_stm32f10x_md.o(.text) refers (Special) to heapauxi.o(.text) for __use_two_region_memory
    startup_stm32f10x_md.o(.text) refers to __main.o(!!!main) for __main
    startup_stm32f10x_md.o(.text) refers to startup_stm32f10x_md.o(HEAP) for Heap_Mem
    startup_stm32f10x_md.o(.text) refers to startup_stm32f10x_md.o(STACK) for Stack_Mem
    delay.o(i.delay_ms) refers to delay.o(i.delay_us) for delay_us
    delay.o(i.delay_us) refers to stm32f10x_rcc.o(i.RCC_GetClocksFreq) for RCC_GetClocksFreq
    oled.o(i.OLED_Clear) refers to oled.o(i.OLED_Refresh) for OLED_Refresh
    oled.o(i.OLED_Clear) refers to oled.o(.bss) for OLED_GRAM
    oled.o(i.OLED_ClearPoint) refers to oled.o(.bss) for OLED_GRAM
    oled.o(i.OLED_ColorTurn) refers to oled.o(i.OLED_WR_Byte) for OLED_WR_Byte
    oled.o(i.OLED_DisPlay_Off) refers to oled.o(i.OLED_WR_Byte) for OLED_WR_Byte
    oled.o(i.OLED_DisPlay_On) refers to oled.o(i.OLED_WR_Byte) for OLED_WR_Byte
    oled.o(i.OLED_DisplayTurn) refers to oled.o(i.OLED_WR_Byte) for OLED_WR_Byte
    oled.o(i.OLED_DrawCircle) refers to oled.o(i.OLED_DrawPoint) for OLED_DrawPoint
    oled.o(i.OLED_DrawLine) refers to oled.o(i.OLED_DrawPoint) for OLED_DrawPoint
    oled.o(i.OLED_DrawPoint) refers to oled.o(.bss) for OLED_GRAM
    oled.o(i.OLED_Init) refers to stm32f10x_rcc.o(i.RCC_APB2PeriphClockCmd) for RCC_APB2PeriphClockCmd
    oled.o(i.OLED_Init) refers to stm32f10x_gpio.o(i.GPIO_PinRemapConfig) for GPIO_PinRemapConfig
    oled.o(i.OLED_Init) refers to stm32f10x_gpio.o(i.GPIO_Init) for GPIO_Init
    oled.o(i.OLED_Init) refers to stm32f10x_gpio.o(i.GPIO_SetBits) for GPIO_SetBits
    oled.o(i.OLED_Init) refers to delay.o(i.delay_ms) for delay_ms
    oled.o(i.OLED_Init) refers to stm32f10x_gpio.o(i.GPIO_ResetBits) for GPIO_ResetBits
    oled.o(i.OLED_Init) refers to oled.o(i.OLED_WR_Byte) for OLED_WR_Byte
    oled.o(i.OLED_Init) refers to oled.o(i.OLED_Clear) for OLED_Clear
    oled.o(i.OLED_Refresh) refers to oled.o(i.OLED_WR_Byte) for OLED_WR_Byte
    oled.o(i.OLED_Refresh) refers to oled.o(.bss) for OLED_GRAM
    oled.o(i.OLED_ScrollDisplay) refers to oled.o(i.OLED_ShowChinese) for OLED_ShowChinese
    oled.o(i.OLED_ScrollDisplay) refers to oled.o(i.OLED_Refresh) for OLED_Refresh
    oled.o(i.OLED_ScrollDisplay) refers to oled.o(.bss) for OLED_GRAM
    oled.o(i.OLED_ShowChar) refers to oled.o(i.OLED_DrawPoint) for OLED_DrawPoint
    oled.o(i.OLED_ShowChar) refers to oled.o(i.OLED_ClearPoint) for OLED_ClearPoint
    oled.o(i.OLED_ShowChar) refers to oled.o(.constdata) for asc2_1206
    oled.o(i.OLED_ShowChinese) refers to oled.o(i.OLED_DrawPoint) for OLED_DrawPoint
    oled.o(i.OLED_ShowChinese) refers to oled.o(i.OLED_ClearPoint) for OLED_ClearPoint
    oled.o(i.OLED_ShowChinese) refers to oled.o(.data) for Hzk1
    oled.o(i.OLED_ShowNum) refers to oled.o(i.OLED_Pow) for OLED_Pow
    oled.o(i.OLED_ShowNum) refers to oled.o(i.OLED_ShowChar) for OLED_ShowChar
    oled.o(i.OLED_ShowPicture) refers to oled.o(i.OLED_WR_BP) for OLED_WR_BP
    oled.o(i.OLED_ShowPicture) refers to oled.o(i.OLED_WR_Byte) for OLED_WR_Byte
    oled.o(i.OLED_ShowString) refers to oled.o(i.OLED_ShowChar) for OLED_ShowChar
    oled.o(i.OLED_WR_BP) refers to oled.o(i.OLED_WR_Byte) for OLED_WR_Byte
    oled.o(i.OLED_WR_Byte) refers to stm32f10x_gpio.o(i.GPIO_SetBits) for GPIO_SetBits
[...]
    i.OSSchedLock                            0x08001244   Section        0  os_core.o(i.OSSchedLock)
    i.OSSchedRoundRobinCfg                   0x080012c0   Section        0  os_core.o(i.OSSchedRoundRobinCfg)
    i.OSSchedUnlock                          0x0800132c   Section        0  os_core.o(i.OSSchedUnlock)
    i.OSSemCreate                            0x080013cc   Section        0  os_sem.o(i.OSSemCreate)
    i.OSSemPost                              0x080014b0   Section        0  os_sem.o(i.OSSemPost)
    i.OSStart                                0x08001548   Section        0  os_core.o(i.OSStart)
    i.OSStatReset                            0x080015b0   Section        0  os_stat.o(i.OSStatReset)
    i.OSStatTaskCPUUsageInit                 0x08001718   Section        0  os_stat.o(i.OSStatTaskCPUUsageInit)
    i.OSStatTaskHook                         0x08001818   Section        0  os_cpu_c.o(i.OSStatTaskHook)
    i.OSTaskCreate                           0x0800182c   Section        0  os_task.o(i.OSTaskCreate)
    i.OSTaskCreateHook                       0x08001ac0   Section        0  os_cpu_c.o(i.OSTaskCreateHook)
    i.OSTaskDel                              0x08001ad8   Section        0  os_task.o(i.OSTaskDel)
    i.OSTaskDelHook                          0x08001ce0   Section        0  os_cpu_c.o(i.OSTaskDelHook)
    i.OSTaskResume                           0x08001cf8   Section        0  os_task.o(i.OSTaskResume)
    i.OSTaskReturnHook                       0x08001d80   Section        0  os_cpu_c.o(i.OSTaskReturnHook)
    i.OSTaskSemPend                          0x08001d98   Section        0  os_task.o(i.OSTaskSemPend)
    i.OSTaskStkChk                           0x08001fe8   Section        0  os_task.o(i.OSTaskStkChk)
    i.OSTaskStkInit                          0x080020cc   Section        0  os_cpu_c.o(i.OSTaskStkInit)
    i.OSTaskSuspend                          0x0800218c   Section        0  os_task.o(i.OSTaskSuspend)
    i.OSTaskSwHook                           0x080021ec   Section        0  os_cpu_c.o(i.OSTaskSwHook)
    i.OSTimeDly                              0x08002290   Section        0  os_time.o(i.OSTimeDly)
    i.OSTimeDlyResume                        0x080023e0   Section        0  os_time.o(i.OSTimeDlyResume)
    i.OSTimeTick                             0x08002614   Section        0  os_time.o(i.OSTimeTick)
    i.OSTimeTickHook                         0x08002658   Section        0  os_cpu_c.o(i.OSTimeTickHook)
    i.OS_CPU_SysTickInit                     0x0800266c   Section        0  os_cpu_c.o(i.OS_CPU_SysTickInit)
    i.OS_Dbg_Init                            0x0800269c   Section        0  os_dbg.o(i.OS_Dbg_Init)
    i.OS_FlagInit                            0x08002850   Section        0  os_flag.o(i.OS_FlagInit)
    i.OS_FlagPost                            0x08002868   Section        0  os_flag.o(i.OS_FlagPost)
    i.OS_FlagTaskRdy                         0x08002ae4   Section        0  os_flag.o(i.OS_FlagTaskRdy)
    i.OS_IdleTask                            0x08002b3c   Section        0  os_core.o(i.OS_IdleTask)
    i.OS_IdleTaskInit                        0x08002b88   Section        0  os_core.o(i.OS_IdleTaskInit)
    i.OS_IntQPost                            0x08002bf8   Section        0  os_int.o(i.OS_IntQPost)
    i.OS_IntQRePost                          0x08002cfc   Section        0  os_int.o(i.OS_IntQRePost)
    i.OS_IntQTask                            0x08002ea0   Section        0  os_int.o(i.OS_IntQTask)
    i.OS_IntQTaskInit                        0x08002f68   Section        0  os_int.o(i.OS_IntQTaskInit)
    i.OS_MemInit                             0x08003090   Section        0  os_mem.o(i.OS_MemInit)
    i.OS_MsgPoolInit                         0x080030a8   Section        0  os_msg.o(i.OS_MsgPoolInit)
    i.OS_MsgQFreeAll                         0x08003124   Section        0  os_msg.o(i.OS_MsgQFreeAll)
    i.OS_MsgQInit                            0x08003168   Section        0  os_msg.o(i.OS_MsgQInit)
    i.OS_MsgQPut                             0x08003178   Section        0  os_msg.o(i.OS_MsgQPut)
    i.OS_MutexInit                           0x0800327c   Section        0  os_mutex.o(i.OS_MutexInit)
    i.OS_Pend                                0x08003294   Section        0  os_core.o(i.OS_Pend)
    i.OS_PendDataInit                        0x080032fc   Section        0  os_core.o(i.OS_PendDataInit)
    i.OS_PendDbgNameAdd                      0x08003324   Section        0  os_core.o(i.OS_PendDbgNameAdd)
    i.OS_PendDbgNameRemove                   0x08003380   Section        0  os_core.o(i.OS_PendDbgNameRemove)
    i.OS_PendListInit                        0x080033a4   Section        0  os_core.o(i.OS_PendListInit)
    i.OS_PendListInsertPrio                  0x080033ae   Section        0  os_core.o(i.OS_PendListInsertPrio)
    i.OS_PendListRemove                      0x08003414   Section        0  os_core.o(i.OS_PendListRemove)
    i.OS_PendListRemove1                     0x08003444   Section        0  os_core.o(i.OS_PendListRemove1)
    i.OS_Post                                0x08003486   Section        0  os_core.o(i.OS_Post)
    i.OS_Post1                               0x08003546   Section        0  os_core.o(i.OS_Post1)
    i.OS_PrioGetHighest                      0x08003570   Section        0  os_prio.o(i.OS_PrioGetHighest)
    i.OS_PrioInit                            0x08003598   Section        0  os_prio.o(i.OS_PrioInit)
    i.OS_PrioInsert                          0x080035b0   Section        0  os_prio.o(i.OS_PrioInsert)
    i.OS_PrioRemove                          0x080035d4   Section        0  os_prio.o(i.OS_PrioRemove)
    i.OS_QInit                               0x080035f8   Section        0  os_q.o(i.OS_QInit)
    i.OS_QPost                               0x08003610   Section        0  os_q.o(i.OS_QPost)
    i.OS_RdyListInit                         0x08003798   Section        0  os_core.o(i.OS_RdyListInit)
    i.OS_RdyListInsert                       0x080037bc   Section        0  os_core.o(i.OS_RdyListInsert)
    i.OS_RdyListInsertHead                   0x080037e8   Section        0  os_core.o(i.OS_RdyListInsertHead)
    i.OS_RdyListInsertTail                   0x08003828   Section        0  os_core.o(i.OS_RdyListInsertTail)
    i.OS_RdyListMoveHeadToTail               0x08003864   Section        0  os_core.o(i.OS_RdyListMoveHeadToTail)
    i.OS_RdyListRemove                       0x080038a8   Section        0  os_core.o(i.OS_RdyListRemove)
    i.OS_Sched0                              0x08003904   Section        0  os_core.o(i.OS_Sched0)
    i.OS_SchedLockTimeMeasStart              0x08003960   Section        0  os_core.o(i.OS_SchedLockTimeMeasStart)
    i.OS_SchedLockTimeMeasStop               0x0800397c   Section        0  os_core.o(i.OS_SchedLockTimeMeasStop)
    i.OS_SchedRoundRobin                     0x080039b8   Section        0  os_core.o(i.OS_SchedRoundRobin)
    i.OS_SemDbgListAdd                       0x08003aa4   Section        0  os_sem.o(i.OS_SemDbgListAdd)
    i.OS_SemInit                             0x08003ad4   Section        0  os_sem.o(i.OS_SemInit)
    i.OS_SemPost                             0x08003aec   Section        0  os_sem.o(i.OS_SemPost)
    i.OS_StatTask                            0x08003c84   Section        0  os_stat.o(i.OS_StatTask)
    i.OS_StatTaskInit                        0x0800403c   Section        0  os_stat.o(i.OS_StatTaskInit)
    i.OS_TaskBlock                           0x08004108   Section        0  os_core.o(i.OS_TaskBlock)
    i.OS_TaskDbgListAdd                      0x08004140   Section        0  os_task.o(i.OS_TaskDbgListAdd)
    i.OS_TaskDbgListRemove                   0x08004170   Section        0  os_task.o(i.OS_TaskDbgListRemove)
    i.OS_TaskInit                            0x080041b4   Section        0  os_task.o(i.OS_TaskInit)
    i.OS_TaskInitTCB                         0x080041d4   Section        0  os_task.o(i.OS_TaskInitTCB)
    i.OS_TaskQPost                           0x080042a4   Section        0  os_task.o(i.OS_TaskQPost)
    i.OS_TaskRdy                             0x08004510   Section        0  os_core.o(i.OS_TaskRdy)
    i.OS_TaskResume                          0x0800452c   Section        0  os_task.o(i.OS_TaskResume)
    i.OS_TaskReturn                          0x080046a8   Section        0  os_task.o(i.OS_TaskReturn)
    i.OS_TaskSemPost                         0x080046c0   Section        0  os_task.o(i.OS_TaskSemPost)
    i.OS_TaskSuspend                         0x08004c68   Section        0  os_task.o(i.OS_TaskSuspend)
    i.OS_TickListInit                        0x08004df8   Section        0  os_tick.o(i.OS_TickListInit)
    i.OS_TickListInsert                      0x08004e20   Section        0  os_tick.o(i.OS_TickListInsert)
    i.OS_TickListRemove                      0x08004fdc   Section        0  os_tick.o(i.OS_TickListRemove)
    i.OS_TickListResetPeak                   0x08005014   Section        0  os_tick.o(i.OS_TickListResetPeak)
    i.OS_TickListUpdate                      0x08005038   Section        0  os_tick.o(i.OS_TickListUpdate)
    i.OS_TickTask                            0x08005258   Section        0  os_tick.o(i.OS_TickTask)
    i.OS_TickTaskInit                        0x08005284   Section        0  os_tick.o(i.OS_TickTaskInit)
    i.OS_TmrInit                             0x0800533c   Section        0  os_tmr.o(i.OS_TmrInit)
    i.OS_TmrLink                             0x08005464   Section        0  os_tmr.o(i.OS_TmrLink)
    i.OS_TmrResetPeak                        0x08005534   Section        0  os_tmr.o(i.OS_TmrResetPeak)
    i.OS_TmrTask                             0x08005558   Section        0  os_tmr.o(i.OS_TmrTask)
    i.OS_TmrUnlink                           0x08005618   Section        0  os_tmr.o(i.OS_TmrUnlink)
    i.RCC_APB2PeriphClockCmd                 0x08005668   Section        0  stm32f10x_rcc.o(i.RCC_APB2PeriphClockCmd)
    i.RCC_GetClocksFreq                      0x08005688   Section        0  stm32f10x_rcc.o(i.RCC_GetClocksFreq)
    i.SVC_Handler                            0x0800575c   Section        0  stm32f10x_it.o(i.SVC_Handler)
    i.SysTick_Handler                        0x08005760   Section        0  os_cpu_c.o(i.SysTick_Handler)
    i.USART1_IRQHandler                      0x080057a0   Section        0  usart1.o(i.USART1_IRQHandler)
    i.USART_ClearITPendingBit                0x08005880   Section        0  stm32f10x_usart_1.o(i.USART_ClearITPendingBit)
    i.USART_GetITStatus                      0x0800589e   Section        0  stm32f10x_usart_1.o(i.USART_GetITStatus)
    i.USART_ITConfig                         0x080058f2   Section        0  stm32f10x_usart_1.o(i.USART_ITConfig)
    i.USART_ReceiveData                      0x0800593c   Section        0  stm32f10x_usart_1.o(i.USART_ReceiveData)
    i.USART_SendData                         0x08005946   Section        0  stm32f10x_usart_1.o(i.USART_SendData)
    i.USART_Task                             0x0800594e   Section        0  main.o(i.USART_Task)
    USART_Task                               0x0800594f   Thumb Code     2  main.o(i.USART_Task)
    i.UsageFault_Handler                     0x08005950   Section        0  stm32f10x_it.o(i.UsageFault_Handler)
    i.delay_ms                               0x08005954   Section        0  delay.o(i.delay_ms)
    i.delay_us                               0x08005968   Section        0  delay.o(i.delay_us)
    i.main                                   0x080059ac   Section        0  main.o(i.main)
    .constdata                               0x08005a14   Section      164  os_cfg_app.o(.constdata)
    .constdata                               0x08005ab8   Section      364  os_dbg.o(.constdata)
    .data                                    0x20000000   Section       54  usart1.o(.data)
    .data                                    0x20000036   Section       20  stm32f10x_rcc.o(.data)
    APBAHBPrescTable                         0x20000036   Data          16  stm32f10x_rcc.o(.data)
    ADCPrescTable                            0x20000046   Data           4  stm32f10x_rcc.o(.data)
    .data                                    0x2000004c   Section       28  cpu_core.o(.data)
    .data                                    0x20000068   Section        4  os_cpu_c.o(.data)
    .data                                    0x2000006c   Section        4  os_prio.o(.data)
    .data                                    0x20000070   Section      208  os_var.o(.data)
    .bss                                     0x20000140   Section     1152  oled.o(.bss)
    .bss                                     0x200005c0   Section       50  usart1.o(.bss)
    .bss                                     0x200005f4   Section     3652  main.o(.bss)
    .bss                                     0x20001438   Section       16  cpu_core.o(.bss)
    .bss                                     0x20001448   Section     5264  os_cfg_app.o(.bss)
    .bss                                     0x200028d8   Section     1396  os_var.o(.bss)
    .bss                                     0x20002e4c   Section       96  libspace.o(.bss)
    HEAP                                     0x20002eb0   Section      256  startup_stm32f10x_md.o(HEAP)
    Heap_Mem                                 0x20002eb0   Data         256  startup_stm32f10x_md.o(HEAP)
    STACK                                    0x20002fb0   Section     2048  startup_stm32f10x_md.o(STACK)
    Stack_Mem                                0x20002fb0   Data        2048  startup_stm32f10x_md.o(STACK)
    __initial_sp                             0x200037b0   Data           0  startup_stm32f10x_md.o(STACK)

    Global Symbols

    Symbol Name                              Value     Ov Type        Size  Object(Section)

    BuildAttributes$$THM_ISAv4$P$D$K$B$S$PE$A:L22UL41UL21$X:L11$S22US41US21$IEEE1$IW$USESV6$~STKCKD$USESV7$~SHL$OSPACE$ROPI$EBA8$UX$STANDARDLIB$REQ8$PRES8$EABIv2 0x00000000   Number         0  anon$$obj.o ABSOLUTE
    __ARM_use_no_argv                        0x00000000   Number         0  main.o ABSOLUTE
    __ARM_exceptions_init                     - Undefined Weak Reference
    __alloca_initialize                       - Undefined Weak Reference
    __arm_preinit_                            - Undefined Weak Reference
    __cpp_initialize__aeabi_                  - Undefined Weak Reference
    __cxa_finalize                            - Undefined Weak Reference
    __rt_locale                               - Undefined Weak Reference
    __sigvec_lookup                           - Undefined Weak Reference
    _atexit_init                              - Undefined Weak Reference
    _call_atexit_fns                          - Undefined Weak Reference
    _clock_init                               - Undefined Weak Reference
    _fp_trap_init                             - Undefined Weak Reference
    _fp_trap_shutdown                         - Undefined Weak Reference
    _get_lc_collate                           - Undefined Weak Reference
    _get_lc_ctype                             - Undefined Weak Reference
    _get_lc_monetary                          - Undefined Weak Reference
    _get_lc_numeric                           - Undefined Weak Reference
    _get_lc_time                              - Undefined Weak Reference
    _getenv_init                              - Undefined Weak Reference
    _handle_redirection                       - Undefined Weak Reference
    _init_alloc                               - Undefined Weak Reference
    _init_user_alloc                          - Undefined Weak Reference
    _initio                                   - Undefined Weak Reference
    _rand_init                                - Undefined Weak Reference
    _signal_finish                            - Undefined Weak Reference
    _signal_init                              - Undefined Weak Reference
    _terminate_alloc                          - Undefined Weak Reference
    _terminate_user_alloc                     - Undefined Weak Reference
    _terminateio                              - Undefined Weak Reference
    __Vectors_Size                           0x000000ec   Number         0  startup_stm32f10x_md.o ABSOLUTE
    __Vectors                                0x08000000   Data           4  startup_stm32f10x_md.o(RESET)
    __Vectors_End                            0x080000ec   Data           0  startup_stm32f10x_md.o(RESET)
    __main                                   0x080000ed   Thumb Code     8  __main.o(!!!main)
    __scatterload                            0x080000f5   Thumb Code     0  __scatter.o(!!!scatter)
    __scatterload_rt2                        0x080000f5   Thumb Code    44  __scatter.o(!!!scatter)
    __scatterload_rt2_thumb_only             0x080000f5   Thumb Code     0  __scatter.o(!!!scatter)
    __scatterload_null                       0x08000103   Thumb Code     0  __scatter.o(!!!scatter)
    __decompress                             0x08000129   Thumb Code    90  __dczerorl2.o(!!dczerorl2)
    __decompress1                            0x08000129   Thumb Code     0  __dczerorl2.o(!!dczerorl2)
    __scatterload_zeroinit                   0x08000185   Thumb Code    28  __scatter_zi.o(!!handler_zi)
    __rt_lib_init                            0x080001a1   Thumb Code     0  libinit.o(.ARM.Collect$$libinit$$00000000)
    __rt_lib_init_alloca_1                   0x080001a3   Thumb Code     0  libinit2.o(.ARM.Collect$$libinit$$0000002E)
    __rt_lib_init_argv_1                     0x080001a3   Thumb Code     0  libinit2.o(.ARM.Collect$$libinit$$0000002C)
    __rt_lib_init_atexit_1                   0x080001a3   Thumb Code     0  libinit2.o(.ARM.Collect$$libinit$$0000001B)
    __rt_lib_init_clock_1                    0x080001a3   Thumb Code     0  libinit2.o(.ARM.Collect$$libinit$$00000021)
    __rt_lib_init_cpp_1                      0x080001a3   Thumb Code     0  libinit2.o(.ARM.Collect$$libinit$$00000032)
    __rt_lib_init_exceptions_1               0x080001a3   Thumb Code     0  libinit2.o(.ARM.Collect$$libinit$$00000030)
    __rt_lib_init_fp_1                       0x080001a3   Thumb Code     0  libinit2.o(.ARM.Collect$$libinit$$00000002)
    __rt_lib_init_fp_trap_1                  0x080001a3   Thumb Code     0  libinit2.o(.ARM.Collect$$libinit$$0000001F)
    __rt_lib_init_getenv_1                   0x080001a3   Thumb Code     0  libinit2.o(.ARM.Collect$$libinit$$00000023)
    __rt_lib_init_heap_1                     0x080001a3   Thumb Code     0  libinit2.o(.ARM.Collect$$libinit$$0000000A)
    __rt_lib_init_lc_collate_1               0x080001a3   Thumb Code     0  libinit2.o(.ARM.Collect$$libinit$$00000011)
    __rt_lib_init_lc_ctype_1                 0x080001a3   Thumb Code     0  libinit2.o(.ARM.Collect$$libinit$$00000013)
    __rt_lib_init_lc_monetary_1              0x080001a3   Thumb Code     0  libinit2.o(.ARM.Collect$$libinit$$00000015)
    __rt_lib_init_lc_numeric_1               0x080001a3   Thumb Code     0  libinit2.o(.ARM.Collect$$libinit$$00000017)
    __rt_lib_init_lc_time_1                  0x080001a3   Thumb Code     0  libinit2.o(.ARM.Collect$$libinit$$00000019)
    __rt_lib_init_preinit_1                  0x080001a3   Thumb Code     0  libinit2.o(.ARM.Collect$$libinit$$00000004)
    __rt_lib_init_rand_1                     0x080001a3   Thumb Code     0  libinit2.o(.ARM.Collect$$libinit$$0000000E)
    __rt_lib_init_return                     0x080001a3   Thumb Code     0  libinit2.o(.ARM.Collect$$libinit$$00000033)
    __rt_lib_init_signal_1                   0x080001a3   Thumb Code     0  libinit2.o(.ARM.Collect$$libinit$$0000001D)
    __rt_lib_init_stdio_1                    0x080001a3   Thumb Code     0  libinit2.o(.ARM.Collect$$libinit$$00000025)
    __rt_lib_init_user_alloc_1               0x080001a3   Thumb Code     0  libinit2.o(.ARM.Collect$$libinit$$0000000C)
    __rt_lib_shutdown                        0x080001a5   Thumb Code     0  libshutdown.o(.ARM.Collect$$libshutdown$$00000000)
    __rt_lib_shutdown_fp_trap_1              0x080001a7   Thumb Code     0  libshutdown2.o(.ARM.Collect$$libshutdown$$00000006)
    __rt_lib_shutdown_heap_1                 0x080001a7   Thumb Code     0  libshutdown2.o(.ARM.Collect$$libshutdown$$0000000E)
    __rt_lib_shutdown_return                 0x080001a7   Thumb Code     0  libshutdown2.o(.ARM.Collect$$libshutdown$$0000000F)
    __rt_lib_shutdown_signal_1               0x080001a7   Thumb Code     0  libshutdown2.o(.ARM.Collect$$libshutdown$$00000009)
    __rt_lib_shutdown_stdio_1                0x080001a7   Thumb Code     0  libshutdown2.o(.ARM.Collect$$libshutdown$$00000003)
    __rt_lib_shutdown_user_alloc_1           0x080001a7   Thumb Code     0  libshutdown2.o(.ARM.Collect$$libshutdown$$0000000B)
    __rt_entry                               0x080001a9   Thumb Code     0  __rtentry.o(.ARM.Collect$$rtentry$$00000000)
    __rt_entry_presh_1                       0x080001a9   Thumb Code     0  __rtentry2.o(.ARM.Collect$$rtentry$$00000002)
    __rt_entry_sh                            0x080001a9   Thumb Code     0  __rtentry4.o(.ARM.Collect$$rtentry$$00000004)
    __rt_entry_li                            0x080001af   Thumb Code     0  __rtentry2.o(.ARM.Collect$$rtentry$$0000000A)
    __rt_entry_postsh_1                      0x080001af   Thumb Code     0  __rtentry2.o(.ARM.Collect$$rtentry$$00000009)
    __rt_entry_main                          0x080001b3   Thumb Code     0  __rtentry2.o(.ARM.Collect$$rtentry$$0000000D)
    __rt_entry_postli_1                      0x080001b3   Thumb Code     0  __rtentry2.o(.ARM.Collect$$rtentry$$0000000C)
    __rt_exit                                0x080001bb   Thumb Code     0  rtexit.o(.ARM.Collect$$rtexit$$00000000)
    __rt_exit_ls                             0x080001bd   Thumb Code     0  rtexit2.o(.ARM.Collect$$rtexit$$00000003)
    __rt_exit_prels_1                        0x080001bd   Thumb Code     0  rtexit2.o(.ARM.Collect$$rtexit$$00000002)
    __rt_exit_exit                           0x080001c1   Thumb Code     0  rtexit2.o(.ARM.Collect$$rtexit$$00000004)
    Reset_Handler                            0x080001c9   Thumb Code     4  startup_stm32f10x_md.o(.text)
    ADC1_2_IRQHandler                        0x080001df   Thumb Code     0  startup_stm32f10x_md.o(.text)
    CAN1_RX1_IRQHandler                      0x080001df   Thumb Code     0  startup_stm32f10x_md.o(.text)
    CAN1_SCE_IRQHandler                      0x080001df   Thumb Code     0  startup_stm32f10x_md.o(.text)
    DMA1_Channel1_IRQHandler                 0x080001df   Thumb Code     0  startup_stm32f10x_md.o(.text)
    DMA1_Channel2_IRQHandler                 0x080001df   Thumb Code     0  startup_stm32f10x_md.o(.text)
    DMA1_Channel3_IRQHandler                 0x080001df   Thumb Code     0  startup_stm32f10x_md.o(.text)
    DMA1_Channel4_IRQHandler                 0x080001df   Thumb Code     0  startup_stm32f10x_md.o(.text)
    DMA1_Channel5_IRQHandler                 0x080001df   Thumb Code     0  startup_stm32f10x_md.o(.text)
    DMA1_Channel6_IRQHandler                 0x080001df   Thumb Code     0  startup_stm32f10x_md.o(.text)
    DMA1_Channel7_IRQHandler                 0x080001df   Thumb Code     0  startup_stm32f10x_md.o(.text)
    EXTI0_IRQHandler                         0x080001df   Thumb Code     0  startup_stm32f10x_md.o(.text)
    EXTI15_10_IRQHandler                     0x080001df   Thumb Code     0  startup_stm32f10x_md.o(.text)
    EXTI1_IRQHandler                         0x080001df   Thumb Code     0  startup_stm32f10x_md.o(.text)
    EXTI2_IRQHandler                         0x080001df   Thumb Code     0  startup_stm32f10x_md.o(.text)
    EXTI3_IRQHandler                         0x080001df   Thumb Code     0  startup_stm32f10x_md.o(.text)
    EXTI4_IRQHandler                         0x080001df   Thumb Code     0  startup_stm32f10x_md.o(.text)
    EXTI9_5_IRQHandler                       0x080001df   Thumb Code     0  startup_stm32f10x_md.o(.text)
    FLASH_IRQHandler                         0x080001df   Thumb Code     0  startup_stm32f10x_md.o(.text)
    I2C1_ER_IRQHandler                       0x080001df   Thumb Code     0  startup_stm32f10x_md.o(.text)
    I2C1_EV_IRQHandler                       0x080001df   Thumb Code     0  startup_stm32f10x_md.o(.text)
    I2C2_ER_IRQHandler                       0x080001df   Thumb Code     0  startup_stm32f10x_md.o(.text)
    I2C2_EV_IRQHandler                       0x080001df   Thumb Code     0  startup_stm32f10x_md.o(.text)
    PVD_IRQHandler                           0x080001df   Thumb Code     0  startup_stm32f10x_md.o(.text)
    RCC_IRQHandler                           0x080001df   Thumb Code     0  startup_stm32f10x_md.o(.text)
    RTCAlarm_IRQHandler                      0x080001df   Thumb Code     0  startup_stm32f10x_md.o(.text)
    RTC_IRQHandler                           0x080001df   Thumb Code     0  startup_stm32f10x_md.o(.text)
    SPI1_IRQHandler                          0x080001df   Thumb Code     0  startup_stm32f10x_md.o(.text)
    SPI2_IRQHandler                          0x080001df   Thumb Code     0  startup_stm32f10x_md.o(.text)
    TAMPER_IRQHandler                        0x080001df   Thumb Code     0  startup_stm32f10x_md.o(.text)
    TIM1_BRK_IRQHandler                      0x080001df   Thumb Code     0  startup_stm32f10x_md.o(.text)
    TIM1_CC_IRQHandler                       0x080001df   Thumb Code     0  startup_stm32f10x_md.o(.text)
    TIM1_TRG_COM_IRQHandler                  0x080001df   Thumb Code     0  startup_stm32f10x_md.o(.text)
    TIM1_UP_IRQHandler                       0x080001df   Thumb Code     0  startup_stm32f10x_md.o(.text)
    TIM2_IRQHandler                          0x080001df   Thumb Code     0  startup_stm32f10x_md.o(.text)
    TIM3_IRQHandler                          0x080001df   Thumb Code     0  startup_stm32f10x_md.o(.text)
    TIM4_IRQHandler                          0x080001df   Thumb Code     0  startup_stm32f10x_md.o(.text)
    USART2_IRQHandler                        0x080001df   Thumb Code     0  startup_stm32f10x_md.o(.text)
    USART3_IRQHandler                        0x080001df   Thumb Code     0  startup_stm32f10x_md.o(.text)
    USBWakeUp_IRQHandler                     0x080001df   Thumb Code     0  startup_stm32f10x_md.o(.text)
    USB_HP_CAN1_TX_IRQHandler                0x080001df   Thumb Code     0  startup_stm32f10x_md.o(.text)
    USB_LP_CAN1_RX0_IRQHandler               0x080001df   Thumb Code     0  startup_stm32f10x_md.o(.text)
    WWDG_IRQHandler                          0x080001df   Thumb Code     0  startup_stm32f10x_md.o(.text)
    __user_initial_stackheap                 0x080001e1   Thumb Code     0  startup_stm32f10x_md.o(.text)
    CPU_IntDis                               0x08000201   Thumb Code     0  cpu_a.o(.text)
    CPU_IntEn                                0x08000205   Thumb Code     0  cpu_a.o(.text)
    CPU_SR_Save                              0x08000209   Thumb Code     0  cpu_a.o(.text)
    CPU_SR_Restore                           0x08000211   Thumb Code     0  cpu_a.o(.text)
    CPU_WaitForInt                           0x08000217   Thumb Code     0  cpu_a.o(.text)
    CPU_WaitForExcept                        0x0800021b   Thumb Code     0  cpu_a.o(.text)
    CPU_CntLeadZeros                         0x0800021f   Thumb Code     0  cpu_a.o(.text)
    CPU_CntTrailZeros                        0x08000225   Thumb Code     0  cpu_a.o(.text)
    CPU_RevBits                              0x0800022f   Thumb Code     0  cpu_a.o(.text)
    __use_two_region_memory                  0x08000235   Thumb Code     2  heapauxi.o(.text)
    __rt_heap_escrow$2region                 0x08000237   Thumb Code     2  heapauxi.o(.text)
    __rt_heap_expand$2region                 0x08000239   Thumb Code     2  heapauxi.o(.text)
    __user_setup_stackheap                   0x0800023b   Thumb Code    74  sys_stackheap_outer.o(.text)
    exit                                     0x08000285   Thumb Code    12  exit.o(.text)
    __user_libspace                          0x08000291   Thumb Code     8  libspace.o(.text)
    __user_perproc_libspace                  0x08000291   Thumb Code     0  libspace.o(.text)
    __user_perthread_libspace                0x08000291   Thumb Code     0  libspace.o(.text)
    _sys_exit                                0x08000299   Thumb Code     8  sys_exit.o(.text)
    __I$use$semihosting                      0x080002a5   Thumb Code     0  use_no_semi.o(.text)
    __use_no_semihosting_swi                 0x080002a5   Thumb Code     2  use_no_semi.o(.text)
    __semihosting_library_function           0x080002a7   Thumb Code     0  indicate_semi.o(.text)
    OSStartHighRdy                           0x080002a9   Thumb Code     0  os_cpu_a.o(CODE)
    PendSV_Handler                           0x080002cb   Thumb Code     0  os_cpu_a.o(CODE)
    BSP_CPU_ClkFreq                          0x08000569   Thumb Code    16  bsp.o(i.BSP_CPU_ClkFreq)
    BSP_Init                                 0x08000579   Thumb Code    46  bsp.o(i.BSP_Init)
    BusFault_Handler                         0x080005b1   Thumb Code     4  stm32f10x_it.o(i.BusFault_Handler)
    CPU_Init                                 0x080005b5   Thumb Code    16  cpu_core.o(i.CPU_Init)
    CPU_IntDisMeasMaxCurGet                  0x08000665   Thumb Code    40  cpu_core.o(i.CPU_IntDisMeasMaxCurGet)
    CPU_IntDisMeasMaxCurReset                0x08000691   Thumb Code    40  cpu_core.o(i.CPU_IntDisMeasMaxCurReset)
    CPU_IntDisMeasMaxGet                     0x080006bd   Thumb Code    40  cpu_core.o(i.CPU_IntDisMeasMaxGet)
    CPU_IntDisMeasStart                      0x080006e9   Thumb Code    38  cpu_core.o(i.CPU_IntDisMeasStart)
    CPU_IntDisMeasStop                       0x0800071d   Thumb Code    62  cpu_core.o(i.CPU_IntDisMeasStop)
    CPU_NameClr                              0x08000771   Thumb Code    50  cpu_core.o(i.CPU_NameClr)
    CPU_TS_TmrFreqSet                        0x080007c5   Thumb Code     6  cpu_core.o(i.CPU_TS_TmrFreqSet)
    CPU_TS_TmrInit                           0x080007d1   Thumb Code    44  bsp.o(i.CPU_TS_TmrInit)
    CPU_TS_TmrRd                             0x08000805   Thumb Code     6  bsp.o(i.CPU_TS_TmrRd)
    DebugMon_Handler                         0x08000811   Thumb Code     2  stm32f10x_it.o(i.DebugMon_Handler)
    GPIO_Init                                0x08000813   Thumb Code   278  stm32f10x_gpio.o(i.GPIO_Init)
    GPIO_PinRemapConfig                      0x08000929   Thumb Code   138  stm32f10x_gpio.o(i.GPIO_PinRemapConfig)
    GPIO_ResetBits                           0x080009b9   Thumb Code     4  stm32f10x_gpio.o(i.GPIO_ResetBits)
    GPIO_SetBits                             0x080009bd   Thumb Code     4  stm32f10x_gpio.o(i.GPIO_SetBits)
    HardFault_Handler                        0x080009c1   Thumb Code     4  stm32f10x_it.o(i.HardFault_Handler)
    LED_Init                                 0x080009c5   Thumb Code    58  led.o(i.LED_Init)
    LED_Set                                  0x08000a09   Thumb Code    30  led.o(i.LED_Set)
    MemManage_Handler                        0x08000a5d   Thumb Code     4  stm32f10x_it.o(i.MemManage_Handler)
    Mem_Clr                                  0x08000a61   Thumb Code    18  lib_mem.o(i.Mem_Clr)
    Mem_Set                                  0x08000a73   Thumb Code    98  lib_mem.o(i.Mem_Set)
    NMI_Handler                              0x08000ad5   Thumb Code     2  stm32f10x_it.o(i.NMI_Handler)
    NVIC_PriorityGroupConfig                 0x08000ad9   Thumb Code    10  misc.o(i.NVIC_PriorityGroupConfig)
    OLED_Clear                               0x08000aed   Thumb Code    42  oled.o(i.OLED_Clear)
    OLED_ColorTurn                           0x08000b1d   Thumb Code    28  oled.o(i.OLED_ColorTurn)
    OLED_DisPlay_On                          0x08000b39   Thumb Code    28  oled.o(i.OLED_DisPlay_On)
    OLED_DisplayTurn                         0x08000b55   Thumb Code    44  oled.o(i.OLED_DisplayTurn)
    OLED_DrawLine                            0x08000b81   Thumb Code   176  oled.o(i.OLED_DrawLine)
    OLED_DrawPoint                           0x08000c31   Thumb Code    54  oled.o(i.OLED_DrawPoint)
    OLED_Init                                0x08000c6d   Thumb Code   322  oled.o(i.OLED_Init)
    OLED_Refresh                             0x08000db9   Thumb Code    70  oled.o(i.OLED_Refresh)
    OLED_WR_Byte                             0x08000e41   Thumb Code   108  oled.o(i.OLED_WR_Byte)
    OSCfg_Init                               0x08000eb1   Thumb Code     2  os_cfg_app.o(i.OSCfg_Init)
    OSIdleTaskHook                           0x08000eb5   Thumb Code    16  os_cpu_c.o(i.OSIdleTaskHook)
    OSInit                                   0x08000ec9   Thumb Code   300  os_core.o(i.OSInit)
    OSInitHook                               0x08001055   Thumb Code    42  os_cpu_c.o(i.OSInitHook)
    OSIntEnter                               0x0800108d   Thumb Code    34  os_core.o(i.OSIntEnter)
    OSIntExit                                0x080010b9   Thumb Code   192  os_core.o(i.OSIntExit)
    OSSched                                  0x0800119d   Thumb Code   134  os_core.o(i.OSSched)
    OSSchedLock                              0x08001245   Thumb Code   112  os_core.o(i.OSSchedLock)
    OSSchedRoundRobinCfg                     0x080012c1   Thumb Code    96  os_core.o(i.OSSchedRoundRobinCfg)
    OSSchedUnlock                            0x0800132d   Thumb Code   148  os_core.o(i.OSSchedUnlock)
    OSSemCreate                              0x080013cd   Thumb Code   210  os_sem.o(i.OSSemCreate)
    OSSemPost                                0x080014b1   Thumb Code   144  os_sem.o(i.OSSemPost)
    OSStart                                  0x08001549   Thumb Code    78  os_core.o(i.OSStart)
    OSStatReset                              0x080015b1   Thumb Code   316  os_stat.o(i.OSStatReset)
    OSStatTaskCPUUsageInit                   0x08001719   Thumb Code   228  os_stat.o(i.OSStatTaskCPUUsageInit)
    OSStatTaskHook                           0x08001819   Thumb Code    16  os_cpu_c.o(i.OSStatTaskHook)
    OSTaskCreate                             0x0800182d   Thumb Code   624  os_task.o(i.OSTaskCreate)
    OSTaskCreateHook                         0x08001ac1   Thumb Code    20  os_cpu_c.o(i.OSTaskCreateHook)
    OSTaskDel                                0x08001ad9   Thumb Code   490  os_task.o(i.OSTaskDel)
    OSTaskDelHook                            0x08001ce1   Thumb Code    20  os_cpu_c.o(i.OSTaskDelHook)
    OSTaskResume                             0x08001cf9   Thumb Code   124  os_task.o(i.OSTaskResume)
    OSTaskReturnHook                         0x08001d81   Thumb Code    20  os_cpu_c.o(i.OSTaskReturnHook)
    OSTaskSemPend                            0x08001d99   Thumb Code   578  os_task.o(i.OSTaskSemPend)
    OSTaskStkChk                             0x08001fe9   Thumb Code   220  os_task.o(i.OSTaskStkChk)
    OSTaskStkInit                            0x080020cd   Thumb Code   188  os_cpu_c.o(i.OSTaskStkInit)
    OSTaskSuspend                            0x0800218d   Thumb Code    78  os_task.o(i.OSTaskSuspend)
    OSTaskSwHook                             0x080021ed   Thumb Code   146  os_cpu_c.o(i.OSTaskSwHook)
    OSTimeDly                                0x08002291   Thumb Code   322  os_time.o(i.OSTimeDly)
    OSTimeDlyResume                          0x080023e1   Thumb Code   552  os_time.o(i.OSTimeDlyResume)
    OSTimeTick                               0x08002615   Thumb Code    54  os_time.o(i.OSTimeTick)
    OSTimeTickHook                           0x08002659   Thumb Code    16  os_cpu_c.o(i.OSTimeTickHook)
    OS_CPU_SysTickInit                       0x0800266d   Thumb Code    44  os_cpu_c.o(i.OS_CPU_SysTickInit)
    OS_Dbg_Init                              0x0800269d   Thumb Code   150  os_dbg.o(i.OS_Dbg_Init)
    OS_FlagInit                              0x08002851   Thumb Code    14  os_flag.o(i.OS_FlagInit)
    OS_FlagPost                              0x08002869   Thumb Code   626  os_flag.o(i.OS_FlagPost)
    OS_FlagTaskRdy                           0x08002ae5   Thumb Code    86  os_flag.o(i.OS_FlagTaskRdy)
    OS_IdleTask                              0x08002b3d   Thumb Code    68  os_core.o(i.OS_IdleTask)
    OS_IdleTaskInit                          0x08002b89   Thumb Code    66  os_core.o(i.OS_IdleTaskInit)
    OS_IntQPost                              0x08002bf9   Thumb Code   224  os_int.o(i.OS_IntQPost)
    OS_IntQRePost                            0x08002cfd   Thumb Code   360  os_int.o(i.OS_IntQRePost)
    OS_IntQTask                              0x08002ea1   Thumb Code   182  os_int.o(i.OS_IntQTask)
    OS_IntQTaskInit                          0x08002f69   Thumb Code   206  os_int.o(i.OS_IntQTaskInit)
    OS_MemInit                               0x08003091   Thumb Code    14  os_mem.o(i.OS_MemInit)
    OS_MsgPoolInit                           0x080030a9   Thumb Code   110  os_msg.o(i.OS_MsgPoolInit)
    OS_MsgQFreeAll                           0x08003125   Thumb Code    62  os_msg.o(i.OS_MsgQFreeAll)
    OS_MsgQInit                              0x08003169   Thumb Code    14  os_msg.o(i.OS_MsgQInit)
    OS_MsgQPut                               0x08003179   Thumb Code   254  os_msg.o(i.OS_MsgQPut)
    OS_MutexInit                             0x0800327d   Thumb Code    14  os_mutex.o(i.OS_MutexInit)
    OS_Pend                                  0x08003295   Thumb Code    98  os_core.o(i.OS_Pend)
    OS_PendDataInit                          0x080032fd   Thumb Code    38  os_core.o(i.OS_PendDataInit)
    OS_PendDbgNameAdd                        0x08003325   Thumb Code    66  os_core.o(i.OS_PendDbgNameAdd)
    OS_PendDbgNameRemove                     0x08003381   Thumb Code    30  os_core.o(i.OS_PendDbgNameRemove)
    OS_PendListInit                          0x080033a5   Thumb Code    10  os_core.o(i.OS_PendListInit)
    OS_PendListInsertPrio                    0x080033af   Thumb Code   102  os_core.o(i.OS_PendListInsertPrio)
    OS_PendListRemove                        0x08003415   Thumb Code    48  os_core.o(i.OS_PendListRemove)
    OS_PendListRemove1                       0x08003445   Thumb Code    66  os_core.o(i.OS_PendListRemove1)
    OS_Post                                  0x08003487   Thumb Code   192  os_core.o(i.OS_Post)
    OS_Post1                                 0x08003547   Thumb Code    42  os_core.o(i.OS_Post1)
    OS_PrioGetHighest                        0x08003571   Thumb Code    36  os_prio.o(i.OS_PrioGetHighest)
    OS_PrioInit                              0x08003599   Thumb Code    20  os_prio.o(i.OS_PrioInit)
    OS_PrioInsert                            0x080035b1   Thumb Code    32  os_prio.o(i.OS_PrioInsert)
    OS_PrioRemove                            0x080035d5   Thumb Code    32  os_prio.o(i.OS_PrioRemove)
    OS_QInit                                 0x080035f9   Thumb Code    14  os_q.o(i.OS_QInit)
    OS_QPost                                 0x08003611   Thumb Code   382  os_q.o(i.OS_QPost)
    OS_RdyListInit                           0x08003799   Thumb Code    32  os_core.o(i.OS_RdyListInit)
    OS_RdyListInsert                         0x080037bd   Thumb Code    40  os_core.o(i.OS_RdyListInsert)
    OS_RdyListInsertHead                     0x080037e9   Thumb Code    58  os_core.o(i.OS_RdyListInsertHead)
    OS_RdyListInsertTail                     0x08003829   Thumb Code    56  os_core.o(i.OS_RdyListInsertTail)
    OS_RdyListMoveHeadToTail                 0x08003865   Thumb Code    68  os_core.o(i.OS_RdyListMoveHeadToTail)
    OS_RdyListRemove                         0x080038a9   Thumb Code    86  os_core.o(i.OS_RdyListRemove)
    OS_Sched0                                0x08003905   Thumb Code    72  os_core.o(i.OS_Sched0)
    OS_SchedLockTimeMeasStart                0x08003961   Thumb Code    20  os_core.o(i.OS_SchedLockTimeMeasStart)
    OS_SchedLockTimeMeasStop                 0x0800397d   Thumb Code    44  os_core.o(i.OS_SchedLockTimeMeasStop)
    OS_SchedRoundRobin                       0x080039b9   Thumb Code   218  os_core.o(i.OS_SchedRoundRobin)
    OS_SemDbgListAdd                         0x08003aa5   Thumb Code    38  os_sem.o(i.OS_SemDbgListAdd)
    OS_SemInit                               0x08003ad5   Thumb Code    14  os_sem.o(i.OS_SemInit)
    OS_SemPost                               0x08003aed   Thumb Code   404  os_sem.o(i.OS_SemPost)
    OS_StatTask                              0x08003c85   Thumb Code   878  os_stat.o(i.OS_StatTask)
    OS_StatTaskInit                          0x0800403d   Thumb Code   136  os_stat.o(i.OS_StatTaskInit)
    OS_TaskBlock                             0x08004109   Thumb Code    56  os_core.o(i.OS_TaskBlock)
    OS_TaskDbgListAdd                        0x08004141   Thumb Code    42  os_task.o(i.OS_TaskDbgListAdd)
    OS_TaskDbgListRemove                     0x08004171   Thumb Code    64  os_task.o(i.OS_TaskDbgListRemove)
    OS_TaskInit                              0x080041b5   Thumb Code    18  os_task.o(i.OS_TaskInit)
    OS_TaskInitTCB                           0x080041d5   Thumb Code   194  os_task.o(i.OS_TaskInitTCB)
    OS_TaskQPost                             0x080042a5   Thumb Code   606  os_task.o(i.OS_TaskQPost)
    OS_TaskRdy                               0x08004511   Thumb Code    28  os_core.o(i.OS_TaskRdy)
    OS_TaskResume                            0x0800452d   Thumb Code   374  os_task.o(i.OS_TaskResume)
    OS_TaskReturn                            0x080046a9   Thumb Code    20  os_task.o(i.OS_TaskReturn)
    OS_TaskSemPost                           0x080046c1   Thumb Code  1438  os_task.o(i.OS_TaskSemPost)
    OS_TaskSuspend                           0x08004c69   Thumb Code   392  os_task.o(i.OS_TaskSuspend)
    OS_TickListInit                          0x08004df9   Thumb Code    32  os_tick.o(i.OS_TickListInit)
    OS_TickListInsert                        0x08004e21   Thumb Code   430  os_tick.o(i.OS_TickListInsert)
    OS_TickListRemove                        0x08004fdd   Thumb Code    56  os_tick.o(i.OS_TickListRemove)
    OS_TickListResetPeak                     0x08005015   Thumb Code    28  os_tick.o(i.OS_TickListResetPeak)
    OS_TickListUpdate                        0x08005039   Thumb Code   520  os_tick.o(i.OS_TickListUpdate)
    OS_TickTask                              0x08005259   Thumb Code    38  os_tick.o(i.OS_TickTask)
    OS_TickTaskInit                          0x08005285   Thumb Code   128  os_tick.o(i.OS_TickTaskInit)
    OS_TmrInit                               0x0800533d   Thumb Code   206  os_tmr.o(i.OS_TmrInit)
    OS_TmrLink                               0x08005465   Thumb Code   196  os_tmr.o(i.OS_TmrLink)
    OS_TmrResetPeak                          0x08005535   Thumb Code    28  os_tmr.o(i.OS_TmrResetPeak)
    OS_TmrTask                               0x08005559   Thumb Code   176  os_tmr.o(i.OS_TmrTask)
    OS_TmrUnlink                             0x08005619   Thumb Code    72  os_tmr.o(i.OS_TmrUnlink)
    RCC_APB2PeriphClockCmd                   0x08005669   Thumb Code    26  stm32f10x_rcc.o(i.RCC_APB2PeriphClockCmd)
    RCC_GetClocksFreq                        0x08005689   Thumb Code   192  stm32f10x_rcc.o(i.RCC_GetClocksFreq)
    SVC_Handler                              0x0800575d   Thumb Code     2  stm32f10x_it.o(i.SVC_Handler)
    SysTick_Handler                          0x08005761   Thumb Code    60  os_cpu_c.o(i.SysTick_Handler)
    USART1_IRQHandler                        0x080057a1   Thumb Code   196  usart1.o(i.USART1_IRQHandler)
    USART_ClearITPendingBit                  0x08005881   Thumb Code    30  stm32f10x_usart_1.o(i.USART_ClearITPendingBit)
    USART_GetITStatus                        0x0800589f   Thumb Code    84  stm32f10x_usart_1.o(i.USART_GetITStatus)
    USART_ITConfig                           0x080058f3   Thumb Code    74  stm32f10x_usart_1.o(i.USART_ITConfig)
    USART_ReceiveData                        0x0800593d   Thumb Code    10  stm32f10x_usart_1.o(i.USART_ReceiveData)
    USART_SendData                           0x08005947   Thumb Code     8  stm32f10x_usart_1.o(i.USART_SendData)
    UsageFault_Handler                       0x08005951   Thumb Code     4  stm32f10x_it.o(i.UsageFault_Handler)
    delay_ms                                 0x08005955   Thumb Code    18  delay.o(i.delay_ms)
    delay_us                                 0x08005969   Thumb Code    64  delay.o(i.delay_us)
    main                                     0x080059ad   Thumb Code    76  main.o(i.main)
    OSCfg_IdleTaskStkBasePtr                 0x08005a14   Data           4  os_cfg_app.o(.constdata)
    OSCfg_IdleTaskStkLimit                   0x08005a18   Data           4  os_cfg_app.o(.constdata)
    OSCfg_IdleTaskStkSize                    0x08005a1c   Data           4  os_cfg_app.o(.constdata)
    OSCfg_IdleTaskStkSizeRAM                 0x08005a20   Data           4  os_cfg_app.o(.constdata)
    OSCfg_IntQBasePtr                        0x08005a24   Data           4  os_cfg_app.o(.constdata)
    OSCfg_IntQSize                           0x08005a28   Data           2  os_cfg_app.o(.constdata)
    OSCfg_IntQSizeRAM                        0x08005a2c   Data           4  os_cfg_app.o(.constdata)
    OSCfg_IntQTaskStkBasePtr                 0x08005a30   Data           4  os_cfg_app.o(.constdata)
    OSCfg_IntQTaskStkLimit                   0x08005a34   Data           4  os_cfg_app.o(.constdata)
    OSCfg_IntQTaskStkSize                    0x08005a38   Data           4  os_cfg_app.o(.constdata)
    OSCfg_IntQTaskStkSizeRAM                 0x08005a3c   Data           4  os_cfg_app.o(.constdata)
    OSCfg_ISRStkBasePtr                      0x08005a40   Data           4  os_cfg_app.o(.constdata)
    OSCfg_ISRStkSize                         0x08005a44   Data           4  os_cfg_app.o(.constdata)
    OSCfg_ISRStkSizeRAM                      0x08005a48   Data           4  os_cfg_app.o(.constdata)
    OSCfg_MsgPoolSize                        0x08005a4c   Data           2  os_cfg_app.o(.constdata)
    OSCfg_MsgPoolSizeRAM                     0x08005a50   Data           4  os_cfg_app.o(.constdata)
    OSCfg_MsgPoolBasePtr                     0x08005a54   Data           4  os_cfg_app.o(.constdata)
    OSCfg_StatTaskPrio                       0x08005a58   Data           1  os_cfg_app.o(.constdata)
    OSCfg_StatTaskRate_Hz                    0x08005a5c   Data           4  os_cfg_app.o(.constdata)
    OSCfg_StatTaskStkBasePtr                 0x08005a60   Data           4  os_cfg_app.o(.constdata)
    OSCfg_StatTaskStkLimit                   0x08005a64   Data           4  os_cfg_app.o(.constdata)
    OSCfg_StatTaskStkSize                    0x08005a68   Data           4  os_cfg_app.o(.constdata)
    OSCfg_StatTaskStkSizeRAM                 0x08005a6c   Data           4  os_cfg_app.o(.constdata)
    OSCfg_StkSizeMin                         0x08005a70   Data           4  os_cfg_app.o(.constdata)
    OSCfg_TickRate_Hz                        0x08005a74   Data           4  os_cfg_app.o(.constdata)
    OSCfg_TickTaskPrio                       0x08005a78   Data           1  os_cfg_app.o(.constdata)
    OSCfg_TickTaskStkBasePtr                 0x08005a7c   Data           4  os_cfg_app.o(.constdata)
    OSCfg_TickTaskStkLimit                   0x08005a80   Data           4  os_cfg_app.o(.constdata)
    OSCfg_TickTaskStkSize                    0x08005a84   Data           4  os_cfg_app.o(.constdata)
    OSCfg_TickTaskStkSizeRAM                 0x08005a88   Data           4  os_cfg_app.o(.constdata)
    OSCfg_TickWheelSize                      0x08005a8c   Data           2  os_cfg_app.o(.constdata)
    OSCfg_TickWheelSizeRAM                   0x08005a90   Data           4  os_cfg_app.o(.constdata)
    OSCfg_TmrTaskPrio                        0x08005a94   Data           1  os_cfg_app.o(.constdata)
    OSCfg_TmrTaskRate_Hz                     0x08005a98   Data           4  os_cfg_app.o(.constdata)
    OSCfg_TmrTaskStkBasePtr                  0x08005a9c   Data           4  os_cfg_app.o(.constdata)
    OSCfg_TmrTaskStkLimit                    0x08005aa0   Data           4  os_cfg_app.o(.constdata)
    OSCfg_TmrTaskStkSize                     0x08005aa4   Data           4  os_cfg_app.o(.constdata)
    OSCfg_TmrTaskStkSizeRAM                  0x08005aa8   Data           4  os_cfg_app.o(.constdata)
    OSCfg_TmrWheelSize                       0x08005aac   Data           2  os_cfg_app.o(.constdata)
    OSCfg_TmrWheelSizeRAM                    0x08005ab0   Data           4  os_cfg_app.o(.constdata)
    OSCfg_DataSizeRAM                        0x08005ab4   Data           4  os_cfg_app.o(.constdata)
    OSDbg_DbgEn                              0x08005ab8   Data           1  os_dbg.o(.constdata)
    OSDbg_ArgChkEn                           0x08005ab9   Data           1  os_dbg.o(.constdata)
    OSDbg_AppHooksEn                         0x08005aba   Data           1  os_dbg.o(.constdata)
    OSDbg_EndiannessTest                     0x08005abc   Data           4  os_dbg.o(.constdata)
    OSDbg_CalledFromISRChkEn                 0x08005ac0   Data           1  os_dbg.o(.constdata)
    OSDbg_FlagEn                             0x08005ac1   Data           1  os_dbg.o(.constdata)
    OSDbg_FlagGrp                            0x08005ac4   Data          40  os_dbg.o(.constdata)
    OSDbg_FlagDelEn                          0x08005aec   Data           1  os_dbg.o(.constdata)
    OSDbg_FlagModeClrEn                      0x08005aed   Data           1  os_dbg.o(.constdata)
    OSDbg_FlagPendAbortEn                    0x08005aee   Data           1  os_dbg.o(.constdata)
    OSDbg_FlagGrpSize                        0x08005af0   Data           2  os_dbg.o(.constdata)
    OSDbg_FlagWidth                          0x08005af2   Data           2  os_dbg.o(.constdata)
    OSDbg_IntQ                               0x08005af4   Data           2  os_dbg.o(.constdata)
    OSDbg_ISRPostDeferredEn                  0x08005af6   Data           1  os_dbg.o(.constdata)
    OSDbg_Mem                                0x08005af8   Data          32  os_dbg.o(.constdata)
    OSDbg_MemEn                              0x08005b18   Data           1  os_dbg.o(.constdata)
    OSDbg_MemSize                            0x08005b1a   Data           2  os_dbg.o(.constdata)
    OSDbg_MsgEn                              0x08005b1c   Data           1  os_dbg.o(.constdata)
    OSDbg_MsgSize                            0x08005b1e   Data           2  os_dbg.o(.constdata)
    OSDbg_MsgPoolSize                        0x08005b20   Data           2  os_dbg.o(.constdata)
    OSDbg_MsgQSize                           0x08005b22   Data           2  os_dbg.o(.constdata)
    OSDbg_Mutex                              0x08005b24   Data          44  os_dbg.o(.constdata)
    OSDbg_MutexEn                            0x08005b50   Data           1  os_dbg.o(.constdata)
    OSDbg_MutexDelEn                         0x08005b51   Data           1  os_dbg.o(.constdata)
    OSDbg_MutexPendAbortEn                   0x08005b52   Data           1  os_dbg.o(.constdata)
    OSDbg_MutexSize                          0x08005b54   Data           2  os_dbg.o(.constdata)
    OSDbg_ObjTypeChkEn                       0x08005b56   Data           1  os_dbg.o(.constdata)
    OSDbg_PendMultiEn                        0x08005b57   Data           1  os_dbg.o(.constdata)
    OSDbg_PendDataSize                       0x08005b58   Data           2  os_dbg.o(.constdata)
    OSDbg_PendListSize                       0x08005b5a   Data           2  os_dbg.o(.constdata)
    OSDbg_PendObjSize                        0x08005b5c   Data           2  os_dbg.o(.constdata)
    OSDbg_PrioMax                            0x08005b5e   Data           2  os_dbg.o(.constdata)
    OSDbg_PrioTblSize                        0x08005b60   Data           2  os_dbg.o(.constdata)
    OSDbg_PtrSize                            0x08005b62   Data           2  os_dbg.o(.constdata)
    OSDbg_Q                                  0x08005b64   Data          48  os_dbg.o(.constdata)
    OSDbg_QEn                                0x08005b94   Data           1  os_dbg.o(.constdata)
    OSDbg_QDelEn                             0x08005b95   Data           1  os_dbg.o(.constdata)
    OSDbg_QFlushEn                           0x08005b96   Data           1  os_dbg.o(.constdata)
    OSDbg_QPendAbortEn                       0x08005b97   Data           1  os_dbg.o(.constdata)
    OSDbg_QSize                              0x08005b98   Data           2  os_dbg.o(.constdata)
    OSDbg_SchedRoundRobinEn                  0x08005b9a   Data           1  os_dbg.o(.constdata)
    OSDbg_Sem                                0x08005b9c   Data          40  os_dbg.o(.constdata)
    OSDbg_SemEn                              0x08005bc4   Data           1  os_dbg.o(.constdata)
    OSDbg_SemDelEn                           0x08005bc5   Data           1  os_dbg.o(.constdata)
    OSDbg_SemPendAbortEn                     0x08005bc6   Data           1  os_dbg.o(.constdata)
    OSDbg_SemSetEn                           0x08005bc7   Data           1  os_dbg.o(.constdata)
    OSDbg_SemSize                            0x08005bc8   Data           2  os_dbg.o(.constdata)
    OSDbg_RdyList                            0x08005bca   Data           2  os_dbg.o(.constdata)
    OSDbg_RdyListSize                        0x08005bcc   Data           4  os_dbg.o(.constdata)
    OSDbg_StkWidth                           0x08005bd0   Data           1  os_dbg.o(.constdata)
    OSDbg_StatTaskEn                         0x08005bd1   Data           1  os_dbg.o(.constdata)
    OSDbg_StatTaskStkChkEn                   0x08005bd2   Data           1  os_dbg.o(.constdata)
    OSDbg_TaskChangePrioEn                   0x08005bd3   Data           1  os_dbg.o(.constdata)
    OSDbg_TaskDelEn                          0x08005bd4   Data           1  os_dbg.o(.constdata)
    OSDbg_TaskQEn                            0x08005bd5   Data           1  os_dbg.o(.constdata)
    OSDbg_TaskQPendAbortEn                   0x08005bd6   Data           1  os_dbg.o(.constdata)
    OSDbg_TaskProfileEn                      0x08005bd7   Data           1  os_dbg.o(.constdata)
    OSDbg_TaskRegTblSize                     0x08005bd8   Data           2  os_dbg.o(.constdata)
    OSDbg_TaskSemPendAbortEn                 0x08005bda   Data           1  os_dbg.o(.constdata)
    OSDbg_TaskSuspendEn                      0x08005bdb   Data           1  os_dbg.o(.constdata)
    OSDbg_TCBSize                            0x08005bdc   Data           2  os_dbg.o(.constdata)
    OSDbg_TickSpokeSize                      0x08005bde   Data           2  os_dbg.o(.constdata)
    OSDbg_TimeDlyHMSMEn                      0x08005be0   Data           1  os_dbg.o(.constdata)
    OSDbg_TimeDlyResumeEn                    0x08005be1   Data           1  os_dbg.o(.constdata)
    OSDbg_TLS_TblSize                        0x08005be2   Data           2  os_dbg.o(.constdata)
    OSDbg_Tmr                                0x08005be4   Data          52  os_dbg.o(.constdata)
    OSDbg_TmrEn                              0x08005c18   Data           1  os_dbg.o(.constdata)
    OSDbg_TmrDelEn                           0x08005c19   Data           1  os_dbg.o(.constdata)
    OSDbg_TmrSize                            0x08005c1a   Data           2  os_dbg.o(.constdata)
    OSDbg_TmrSpokeSize                       0x08005c1c   Data           2  os_dbg.o(.constdata)
    OSDbg_VersionNbr                         0x08005c1e   Data           2  os_dbg.o(.constdata)
    OSDbg_DataSize                           0x08005c20   Data           4  os_dbg.o(.constdata)
    Region$$Table$$Base                      0x08005c24   Number         0  anon$$obj.o(Region$$Table)
    Region$$Table$$Limit                     0x08005c44   Number         0  anon$$obj.o(Region$$Table)
    rx1_num                                  0x20000000   Data           1  usart1.o(.data)
    tx1_num                                  0x20000001   Data           1  usart1.o(.data)
    tx1_nums                                 0x20000002   Data           1  usart1.o(.data)
    usart1_flag                              0x20000003   Data           1  usart1.o(.data)
    tx1_dat                                  0x20000004   Data          50  usart1.o(.data)
    CPU_TS_TmrFreq_Hz                        0x2000004c   Data           4  cpu_core.o(.data)
    CPU_IntDisMeasCtr                        0x20000050   Data           2  cpu_core.o(.data)
    CPU_IntDisNestCtr                        0x20000052   Data           2  cpu_core.o(.data)
    CPU_IntDisMeasStart_cnts                 0x20000054   Data           4  cpu_core.o(.data)
    CPU_IntDisMeasStop_cnts                  0x20000058   Data           4  cpu_core.o(.data)
    CPU_IntDisMeasOvrhd_cnts                 0x2000005c   Data           4  cpu_core.o(.data)
    CPU_IntDisMeasMaxCur_cnts                0x20000060   Data           4  cpu_core.o(.data)
    CPU_IntDisMeasMax_cnts                   0x20000064   Data           4  cpu_core.o(.data)
    OS_CPU_ExceptStkBase                     0x20000068   Data           4  os_cpu_c.o(.data)
    OSPrioTbl                                0x2000006c   Data           4  os_prio.o(.data)
    OS_AppTaskCreateHookPtr                  0x20000070   Data           4  os_var.o(.data)
    OS_AppTaskDelHookPtr                     0x20000074   Data           4  os_var.o(.data)
    OS_AppTaskReturnHookPtr                  0x20000078   Data           4  os_var.o(.data)
    OS_AppIdleTaskHookPtr                    0x2000007c   Data           4  os_var.o(.data)
    OS_AppStatTaskHookPtr                    0x20000080   Data           4  os_var.o(.data)
    OS_AppTaskSwHookPtr                      0x20000084   Data           4  os_var.o(.data)
    OS_AppTimeTickHookPtr                    0x20000088   Data           4  os_var.o(.data)
    OSIdleTaskCtr                            0x2000008c   Data           4  os_var.o(.data)
    OSIntNestingCtr                          0x20000090   Data           1  os_var.o(.data)
    OSIntDisTimeMax                          0x20000094   Data           4  os_var.o(.data)
    OSRunning                                0x20000098   Data           1  os_var.o(.data)
    OSIntQInPtr                              0x2000009c   Data           4  os_var.o(.data)
    OSIntQOutPtr                             0x200000a0   Data           4  os_var.o(.data)
    OSIntQNbrEntries                         0x200000a4   Data           2  os_var.o(.data)
    OSIntQNbrEntriesMax                      0x200000a6   Data           2  os_var.o(.data)
    OSIntQOvfCtr                             0x200000a8   Data           2  os_var.o(.data)
    OSIntQTaskTimeMax                        0x200000ac   Data           4  os_var.o(.data)
    OSFlagDbgListPtr                         0x200000b0   Data           4  os_var.o(.data)
    OSFlagQty                                0x200000b4   Data           2  os_var.o(.data)
    OSMemDbgListPtr                          0x200000b8   Data           4  os_var.o(.data)
    OSMemQty                                 0x200000bc   Data           2  os_var.o(.data)
    OSMutexDbgListPtr                        0x200000c0   Data           4  os_var.o(.data)
    OSMutexQty                               0x200000c4   Data           2  os_var.o(.data)
    OSPrioCur                                0x200000c6   Data           1  os_var.o(.data)
    OSPrioHighRdy                            0x200000c7   Data           1  os_var.o(.data)
    OSPrioSaved                              0x200000c8   Data           1  os_var.o(.data)
    OSQDbgListPtr                            0x200000cc   Data           4  os_var.o(.data)
    OSQQty                                   0x200000d0   Data           2  os_var.o(.data)
    OSSchedLockTimeBegin                     0x200000d4   Data           4  os_var.o(.data)
    OSSchedLockTimeMax                       0x200000d8   Data           4  os_var.o(.data)
    OSSchedLockTimeMaxCur                    0x200000dc   Data           4  os_var.o(.data)
    OSSchedLockNestingCtr                    0x200000e0   Data           1  os_var.o(.data)
    OSSchedRoundRobinDfltTimeQuanta          0x200000e4   Data           4  os_var.o(.data)
    OSSchedRoundRobinEn                      0x200000e8   Data           1  os_var.o(.data)
    OSSemDbgListPtr                          0x200000ec   Data           4  os_var.o(.data)
    OSSemQty                                 0x200000f0   Data           2  os_var.o(.data)
    OSStatResetFlag                          0x200000f2   Data           1  os_var.o(.data)
    OSStatTaskCPUUsage                       0x200000f4   Data           2  os_var.o(.data)
    OSStatTaskCPUUsageMax                    0x200000f6   Data           2  os_var.o(.data)
    OSStatTaskCtr                            0x200000f8   Data           4  os_var.o(.data)
    OSStatTaskCtrMax                         0x200000fc   Data           4  os_var.o(.data)
    OSStatTaskCtrRun                         0x20000100   Data           4  os_var.o(.data)
    OSStatTaskRdy                            0x20000104   Data           1  os_var.o(.data)
    OSStatTaskTimeMax                        0x20000108   Data           4  os_var.o(.data)
    OSTaskCtxSwCtr                           0x2000010c   Data           4  os_var.o(.data)
    OSTaskDbgListPtr                         0x20000110   Data           4  os_var.o(.data)
    OSTaskQty                                0x20000114   Data           2  os_var.o(.data)
    OSTaskRegNextAvailID                     0x20000116   Data           1  os_var.o(.data)
    OSTickCtr                                0x20000118   Data           4  os_var.o(.data)
    OSTickTaskTimeMax                        0x2000011c   Data           4  os_var.o(.data)
    OSTmrDbgListPtr                          0x20000120   Data           4  os_var.o(.data)
    OSTmrQty                                 0x20000124   Data           2  os_var.o(.data)
    OSTmrTaskTimeMax                         0x20000128   Data           4  os_var.o(.data)
    OSTmrTickCtr                             0x2000012c   Data           4  os_var.o(.data)
    OSTmrUpdateCnt                           0x20000130   Data           4  os_var.o(.data)
    OSTmrUpdateCtr                           0x20000134   Data           4  os_var.o(.data)
    OSTCBCurPtr                              0x20000138   Data           4  os_var.o(.data)
    OSTCBHighRdyPtr                          0x2000013c   Data           4  os_var.o(.data)
    OLED_GRAM                                0x20000140   Data        1152  oled.o(.bss)
    rx1_dat                                  0x200005c0   Data          50  usart1.o(.bss)
    AppTaskStartTCB                          0x200005f4   Data         200  main.o(.bss)
    AppTaskStartStk                          0x200006bc   Data         512  main.o(.bss)
    LEDTaskTCB                               0x200008bc   Data         200  main.o(.bss)
    LEDTaskStk                               0x20000984   Data         512  main.o(.bss)
    USARTTaskTCB                             0x20000b84   Data         200  main.o(.bss)
    USARTTaskStk                             0x20000c4c   Data         512  main.o(.bss)
    OLEDTaskTCB                              0x20000e4c   Data         200  main.o(.bss)
    OLEDTaskStk                              0x20000f14   Data         512  main.o(.bss)
    TimCallBack_TaskTCB                      0x20001114   Data         200  main.o(.bss)
    TimCallBackTaskStk                       0x200011dc   Data         512  main.o(.bss)
    tmr1                                     0x200013dc   Data          52  main.o(.bss)
    usart1_sem                               0x20001410   Data          40  main.o(.bss)
    CPU_Name                                 0x20001438   Data          16  cpu_core.o(.bss)
    OSCfg_IdleTaskStk                        0x20001448   Data         512  os_cfg_app.o(.bss)
    OSCfg_IntQ                               0x20001648   Data         320  os_cfg_app.o(.bss)
    OSCfg_IntQTaskStk                        0x20001788   Data         512  os_cfg_app.o(.bss)
    OSCfg_ISRStk                             0x20001988   Data         512  os_cfg_app.o(.bss)
    OSCfg_MsgPool                            0x20001b88   Data        1600  os_cfg_app.o(.bss)
    OSCfg_StatTaskStk                        0x200021c8   Data         512  os_cfg_app.o(.bss)
    OSCfg_TickTaskStk                        0x200023c8   Data         512  os_cfg_app.o(.bss)
    OSCfg_TickWheel                          0x200025c8   Data         136  os_cfg_app.o(.bss)
    OSCfg_TmrTaskStk                         0x20002650   Data         512  os_cfg_app.o(.bss)
    OSCfg_TmrWheel                           0x20002850   Data         136  os_cfg_app.o(.bss)
    OSIdleTaskTCB                            0x200028d8   Data         200  os_var.o(.bss)
    OSIntQTaskTCB                            0x200029a0   Data         200  os_var.o(.bss)
    OSMsgPool                                0x20002a68   Data          12  os_var.o(.bss)
    OSRdyList                                0x20002a74   Data         384  os_var.o(.bss)
    OSStatTaskTCB                            0x20002bf4   Data         200  os_var.o(.bss)
    OSTickTaskTCB                            0x20002cbc   Data         200  os_var.o(.bss)
    OSTmrTaskTCB                             0x20002d84   Data         200  os_var.o(.bss)
    __libspace_start                         0x20002e4c   Data          96  libspace.o(.bss)
    __temporary_stack_top$libspace           0x20002eac   Data           0  libspace.o(.bss)



==============================================================================

Memory Map of the image

  Image Entry point : 0x080000ed

  Load Region LR_IROM1 (Base: 0x08000000, Size: 0x00005d84, Max: 0x00010000, ABSOLUTE, COMPRESSED[0x00005c5c])

    Execution Region ER_IROM1 (Base: 0x08000000, Size: 0x00005c44, Max: 0x00010000, ABSOLUTE)

    Base Addr    Size         Type   Attr      Idx    E Section Name        Object

    0x08000000   0x000000ec   Data   RO           19    RESET               startup_stm32f10x_md.o
    0x080000ec   0x00000008   Code   RO         3603  * !!!main             c_w.l(__main.o)
    0x080000f4   0x00000034   Code   RO         3761    !!!scatter          c_w.l(__scatter.o)
    0x08000128   0x0000005a   Code   RO         3759    !!dczerorl2         c_w.l(__dczerorl2.o)
    0x08000182   0x00000002   PAD
    0x08000184   0x0000001c   Code   RO         3763    !!handler_zi        c_w.l(__scatter_zi.o)
    0x080001a0   0x00000002   Code   RO         3630    .ARM.Collect$$libinit$$00000000  c_w.l(libinit.o)
    0x080001a2   0x00000000   Code   RO         3637    .ARM.Collect$$libinit$$00000002  c_w.l(libinit2.o)
    0x080001a2   0x00000000   Code   RO         3639    .ARM.Collect$$libinit$$00000004  c_w.l(libinit2.o)
    0x080001a2   0x00000000   Code   RO         3642    .ARM.Collect$$libinit$$0000000A  c_w.l(libinit2.o)
    0x080001a2   0x00000000   Code   RO         3644    .ARM.Collect$$libinit$$0000000C  c_w.l(libinit2.o)
    0x080001a2   0x00000000   Code   RO         3646    .ARM.Collect$$libinit$$0000000E  c_w.l(libinit2.o)
    0x080001a2   0x00000000   Code   RO         3649    .ARM.Collect$$libinit$$00000011  c_w.l(libinit2.o)
    0x080001a2   0x00000000   Code   RO         3651    .ARM.Collect$$libinit$$00000013  c_w.l(libinit2.o)
    0x080001a2   0x00000000   Code   RO         3653    .ARM.Collect$$libinit$$00000015  c_w.l(libinit2.o)
    0x080001a2   0x00000000   Code   RO         3655    .ARM.Collect$$libinit$$00000017  c_w.l(libinit2.o)
    0x080001a2   0x00000000   Code   RO         3657    .ARM.Collect$$libinit$$00000019  c_w.l(libinit2.o)
    0x080001a2   0x00000000   Code   RO         3659    .ARM.Collect$$libinit$$0000001B  c_w.l(libinit2.o)
    0x080001a2   0x00000000   Code   RO         3661    .ARM.Collect$$libinit$$0000001D  c_w.l(libinit2.o)
    0x080001a2   0x00000000   Code   RO         3663    .ARM.Collect$$libinit$$0000001F  c_w.l(libinit2.o)
    0x080001a2   0x00000000   Code   RO         3665    .ARM.Collect$$libinit$$00000021  c_w.l(libinit2.o)
    0x080001a2   0x00000000   Code   RO         3667    .ARM.Collect$$libinit$$00000023  c_w.l(libinit2.o)
    0x080001a2   0x00000000   Code   RO         3669    .ARM.Collect$$libinit$$00000025  c_w.l(libinit2.o)
    0x080001a2   0x00000000   Code   RO         3673    .ARM.Collect$$libinit$$0000002C  c_w.l(libinit2.o)
    0x080001a2   0x00000000   Code   RO         3675    .ARM.Collect$$libinit$$0000002E  c_w.l(libinit2.o)
    0x080001a2   0x00000000   Code   RO         3677    .ARM.Collect$$libinit$$00000030  c_w.l(libinit2.o)
    0x080001a2   0x00000000   Code   RO         3679    .ARM.Collect$$libinit$$00000032  c_w.l(libinit2.o)
    0x080001a2   0x00000002   Code   RO         3680    .ARM.Collect$$libinit$$00000033  c_w.l(libinit2.o)
    0x080001a4   0x00000002   Code   RO         3700    .ARM.Collect$$libshutdown$$00000000  c_w.l(libshutdown.o)
    0x080001a6   0x00000000   Code   RO         3714    .ARM.Collect$$libshutdown$$00000003  c_w.l(libshutdown2.o)
    0x080001a6   0x00000000   Code   RO         3717    .ARM.Collect$$libshutdown$$00000006  c_w.l(libshutdown2.o)
    0x080001a6   0x00000000   Code   RO         3720    .ARM.Collect$$libshutdown$$00000009  c_w.l(libshutdown2.o)
    0x080001a6   0x00000000   Code   RO         3722    .ARM.Collect$$libshutdown$$0000000B  c_w.l(libshutdown2.o)
    0x080001a6   0x00000000   Code   RO         3725    .ARM.Collect$$libshutdown$$0000000E  c_w.l(libshutdown2.o)
    0x080001a6   0x00000002   Code   RO         3726    .ARM.Collect$$libshutdown$$0000000F  c_w.l(libshutdown2.o)
    0x080001a8   0x00000000   Code   RO         3605    .ARM.Collect$$rtentry$$00000000  c_w.l(__rtentry.o)
    0x080001a8   0x00000000   Code   RO         3607    .ARM.Collect$$rtentry$$00000002  c_w.l(__rtentry2.o)
    0x080001a8   0x00000006   Code   RO         3619    .ARM.Collect$$rtentry$$00000004  c_w.l(__rtentry4.o)
    0x080001ae   0x00000000   Code   RO         3609    .ARM.Collect$$rtentry$$00000009  c_w.l(__rtentry2.o)
    0x080001ae   0x00000004   Code   RO         3610    .ARM.Collect$$rtentry$$0000000A  c_w.l(__rtentry2.o)
    0x080001b2   0x00000000   Code   RO         3612    .ARM.Collect$$rtentry$$0000000C  c_w.l(__rtentry2.o)
    0x080001b2   0x00000008   Code   RO         3613    .ARM.Collect$$rtentry$$0000000D  c_w.l(__rtentry2.o)
    0x080001ba   0x00000002   Code   RO         3634    .ARM.Collect$$rtexit$$00000000  c_w.l(rtexit.o)
    0x080001bc   0x00000000   Code   RO         3682    .ARM.Collect$$rtexit$$00000002  c_w.l(rtexit2.o)
    0x080001bc   0x00000004   Code   RO         3683    .ARM.Collect$$rtexit$$00000003  c_w.l(rtexit2.o)
    0x080001c0   0x00000006   Code   RO         3684    .ARM.Collect$$rtexit$$00000004  c_w.l(rtexit2.o)
    0x080001c6   0x00000002   PAD
    0x080001c8   0x00000038   Code   RO           20    .text               startup_stm32f10x_md.o
    0x08000200   0x00000034   Code   RO         1753    .text               cpu_a.o
    0x08000234   0x00000006   Code   RO         3601    .text               c_w.l(heapauxi.o)
    0x0800023a   0x0000004a   Code   RO         3621    .text               c_w.l(sys_stackheap_outer.o)
    0x08000284   0x0000000c   Code   RO         3623    .text               c_w.l(exit.o)
    0x08000290   0x00000008   Code   RO         3631    .text               c_w.l(libspace.o)
    0x08000298   0x0000000c   Code   RO         3692    .text               c_w.l(sys_exit.o)
    0x080002a4   0x00000002   Code   RO         3703    .text               c_w.l(use_no_semi.o)
    0x080002a6   0x00000000   Code   RO         3705    .text               c_w.l(indicate_semi.o)
    0x080002a6   0x00000002   PAD
    0x080002a8   0x00000084   Code   RO         2385    CODE                os_cpu_a.o
    0x0800032c   0x00000050   Code   RO         1439    i.AppTaskCreate     main.o
    0x0800037c   0x00000050   Code   RO         1440    i.AppTaskCreate1    main.o
    0x080003cc   0x00000050   Code   RO         1441    i.AppTaskCreate2    main.o
    0x0800041c   0x00000020   Code   RO         1443    i.AppTaskCreate4    main.o
    0x0800043c   0x0000012c   Code   RO         1444    i.AppTaskStart      main.o
    0x08000568   0x00000010   Code   RO         1683    i.BSP_CPU_ClkFreq   bsp.o
    0x08000578   0x00000038   Code   RO         1684    i.BSP_Init          bsp.o
    0x080005b0   0x00000004   Code   RO         1512    i.BusFault_Handler  stm32f10x_it.o
    0x080005b4   0x00000010   Code   RO         1812    i.CPU_Init          cpu_core.o
    0x080005c4   0x00000084   Code   RO         1813    i.CPU_IntDisMeasInit  cpu_core.o
    0x08000648   0x0000001c   Code   RO         1814    i.CPU_IntDisMeasMaxCalc  cpu_core.o
    0x08000664   0x0000002c   Code   RO         1815    i.CPU_IntDisMeasMaxCurGet  cpu_core.o
    0x08000690   0x0000002c   Code   RO         1816    i.CPU_IntDisMeasMaxCurReset  cpu_core.o
    0x080006bc   0x0000002c   Code   RO         1817    i.CPU_IntDisMeasMaxGet  cpu_core.o
    0x080006e8   0x00000034   Code   RO         1818    i.CPU_IntDisMeasStart  cpu_core.o
    0x0800071c   0x00000054   Code   RO         1819    i.CPU_IntDisMeasStop  cpu_core.o
    0x08000770   0x00000038   Code   RO         1820    i.CPU_NameClr       cpu_core.o
    0x080007a8   0x00000008   Code   RO         1822    i.CPU_NameInit      cpu_core.o
    0x080007b0   0x00000014   Code   RO         1826    i.CPU_TS_Init       cpu_core.o
    0x080007c4   0x0000000c   Code   RO         1828    i.CPU_TS_TmrFreqSet  cpu_core.o
    0x080007d0   0x00000034   Code   RO         1691    i.CPU_TS_TmrInit    bsp.o
    0x08000804   0x0000000c   Code   RO         1692    i.CPU_TS_TmrRd      bsp.o
    0x08000810   0x00000002   Code   RO         1513    i.DebugMon_Handler  stm32f10x_it.o
    0x08000812   0x00000116   Code   RO          400    i.GPIO_Init         stm32f10x_gpio.o
    0x08000928   0x00000090   Code   RO          402    i.GPIO_PinRemapConfig  stm32f10x_gpio.o
    0x080009b8   0x00000004   Code   RO          407    i.GPIO_ResetBits    stm32f10x_gpio.o
    0x080009bc   0x00000004   Code   RO          408    i.GPIO_SetBits      stm32f10x_gpio.o
    0x080009c0   0x00000004   Code   RO         1514    i.HardFault_Handler  stm32f10x_it.o
    0x080009c4   0x00000044   Code   RO          291    i.LED_Init          led.o
    0x08000a08   0x00000024   Code   RO          292    i.LED_Set           led.o
    0x08000a2c   0x00000030   Code   RO         1445    i.LED_Task          main.o
    0x08000a5c   0x00000004   Code   RO         1515    i.MemManage_Handler  stm32f10x_it.o
    0x08000a60   0x00000012   Code   RO         2111    i.Mem_Clr           lib_mem.o
    0x08000a72   0x00000062   Code   RO         2128    i.Mem_Set           lib_mem.o
    0x08000ad4   0x00000002   Code   RO         1516    i.NMI_Handler       stm32f10x_it.o
    0x08000ad6   0x00000002   PAD
    0x08000ad8   0x00000014   Code   RO          359    i.NVIC_PriorityGroupConfig  misc.o
    0x08000aec   0x00000030   Code   RO           86    i.OLED_Clear        oled.o
    0x08000b1c   0x0000001c   Code   RO           88    i.OLED_ColorTurn    oled.o
    0x08000b38   0x0000001c   Code   RO           90    i.OLED_DisPlay_On   oled.o
    0x08000b54   0x0000002c   Code   RO           91    i.OLED_DisplayTurn  oled.o
    0x08000b80   0x000000b0   Code   RO           93    i.OLED_DrawLine     oled.o
    0x08000c30   0x0000003c   Code   RO           94    i.OLED_DrawPoint    oled.o
    0x08000c6c   0x0000014c   Code   RO           95    i.OLED_Init         oled.o
    0x08000db8   0x0000004c   Code   RO           97    i.OLED_Refresh      oled.o
    0x08000e04   0x0000003c   Code   RO         1446    i.OLED_Task         main.o
    0x08000e40   0x00000070   Code   RO          105    i.OLED_WR_Byte      oled.o
    0x08000eb0   0x00000002   Code   RO         2466    i.OSCfg_Init        os_cfg_app.o
    0x08000eb2   0x00000002   PAD
    0x08000eb4   0x00000014   Code   RO         2388    i.OSIdleTaskHook    os_cpu_c.o
    0x08000ec8   0x0000018c   Code   RO         2489    i.OSInit            os_core.o
    0x08001054   0x00000038   Code   RO         2389    i.OSInitHook        os_cpu_c.o
    0x0800108c   0x0000002c   Code   RO         2490    i.OSIntEnter        os_core.o
    0x080010b8   0x000000e4   Code   RO         2491    i.OSIntExit         os_core.o
    0x0800119c   0x000000a8   Code   RO         2492    i.OSSched           os_core.o
    0x08001244   0x0000007c   Code   RO         2493    i.OSSchedLock       os_core.o
    0x080012c0   0x0000006c   Code   RO         2494    i.OSSchedRoundRobinCfg  os_core.o
    0x0800132c   0x000000a0   Code   RO         2496    i.OSSchedUnlock     os_core.o
    0x080013cc   0x000000e4   Code   RO         3135    i.OSSemCreate       os_sem.o
    0x080014b0   0x00000098   Code   RO         3139    i.OSSemPost         os_sem.o
    0x08001548   0x00000068   Code   RO         2497    i.OSStart           os_core.o
    0x080015b0   0x00000168   Code   RO         3207    i.OSStatReset       os_stat.o
    0x08001718   0x00000100   Code   RO         3208    i.OSStatTaskCPUUsageInit  os_stat.o
    0x08001818   0x00000014   Code   RO         2390    i.OSStatTaskHook    os_cpu_c.o
    0x0800182c   0x00000294   Code   RO         3238    i.OSTaskCreate      os_task.o
    0x08001ac0   0x00000018   Code   RO         2391    i.OSTaskCreateHook  os_cpu_c.o
    0x08001ad8   0x00000208   Code   RO         3239    i.OSTaskDel         os_task.o
    0x08001ce0   0x00000018   Code   RO         2392    i.OSTaskDelHook     os_cpu_c.o
    0x08001cf8   0x00000088   Code   RO         3247    i.OSTaskResume      os_task.o
    0x08001d80   0x00000018   Code   RO         2393    i.OSTaskReturnHook  os_cpu_c.o
    0x08001d98   0x00000250   Code   RO         3248    i.OSTaskSemPend     os_task.o
    0x08001fe8   0x000000e4   Code   RO         3252    i.OSTaskStkChk      os_task.o
    0x080020cc   0x000000c0   Code   RO         2394    i.OSTaskStkInit     os_cpu_c.o
    0x0800218c   0x00000060   Code   RO         3253    i.OSTaskSuspend     os_task.o
    0x080021ec   0x000000a4   Code   RO         2395    i.OSTaskSwHook      os_cpu_c.o
    0x08002290   0x00000150   Code   RO         3453    i.OSTimeDly         os_time.o
    0x080023e0   0x00000234   Code   RO         3455    i.OSTimeDlyResume   os_time.o
    0x08002614   0x00000044   Code   RO         3458    i.OSTimeTick        os_time.o
    0x08002658   0x00000014   Code   RO         2396    i.OSTimeTickHook    os_cpu_c.o
    0x0800266c   0x00000030   Code   RO         2397    i.OS_CPU_SysTickInit  os_cpu_c.o
    0x0800269c   0x000001b4   Code   RO         2735    i.OS_Dbg_Init       os_dbg.o
    0x08002850   0x00000018   Code   RO         2760    i.OS_FlagInit       os_flag.o
    0x08002868   0x0000027c   Code   RO         2761    i.OS_FlagPost       os_flag.o
    0x08002ae4   0x00000056   Code   RO         2762    i.OS_FlagTaskRdy    os_flag.o
    0x08002b3a   0x00000002   PAD
    0x08002b3c   0x0000004c   Code   RO         2499    i.OS_IdleTask       os_core.o
    0x08002b88   0x00000070   Code   RO         2500    i.OS_IdleTaskInit   os_core.o
    0x08002bf8   0x00000104   Code   RO         2834    i.OS_IntQPost       os_int.o
    0x08002cfc   0x000001a4   Code   RO         2835    i.OS_IntQRePost     os_int.o
    0x08002ea0   0x000000c8   Code   RO         2836    i.OS_IntQTask       os_int.o
    0x08002f68   0x00000128   Code   RO         2837    i.OS_IntQTaskInit   os_int.o
    0x08003090   0x00000018   Code   RO         2868    i.OS_MemInit        os_mem.o
    0x080030a8   0x0000007c   Code   RO         2900    i.OS_MsgPoolInit    os_msg.o
    0x08003124   0x00000044   Code   RO         2901    i.OS_MsgQFreeAll    os_msg.o
    0x08003168   0x0000000e   Code   RO         2903    i.OS_MsgQInit       os_msg.o
    0x08003176   0x00000002   PAD
    0x08003178   0x00000104   Code   RO         2904    i.OS_MsgQPut        os_msg.o
    0x0800327c   0x00000018   Code   RO         2944    i.OS_MutexInit      os_mutex.o
    0x08003294   0x00000068   Code   RO         2501    i.OS_Pend           os_core.o
    0x080032fc   0x00000026   Code   RO         2504    i.OS_PendDataInit   os_core.o
    0x08003322   0x00000002   PAD
    0x08003324   0x0000005c   Code   RO         2505    i.OS_PendDbgNameAdd  os_core.o
    0x08003380   0x00000024   Code   RO         2506    i.OS_PendDbgNameRemove  os_core.o
    0x080033a4   0x0000000a   Code   RO         2508    i.OS_PendListInit   os_core.o
    0x080033ae   0x00000066   Code   RO         2510    i.OS_PendListInsertPrio  os_core.o
    0x08003414   0x00000030   Code   RO         2511    i.OS_PendListRemove  os_core.o
    0x08003444   0x00000042   Code   RO         2512    i.OS_PendListRemove1  os_core.o
    0x08003486   0x000000c0   Code   RO         2515    i.OS_Post           os_core.o
    0x08003546   0x0000002a   Code   RO         2516    i.OS_Post1          os_core.o
    0x08003570   0x00000028   Code   RO         3026    i.OS_PrioGetHighest  os_prio.o
    0x08003598   0x00000018   Code   RO         3027    i.OS_PrioInit       os_prio.o
    0x080035b0   0x00000024   Code   RO         3028    i.OS_PrioInsert     os_prio.o
    0x080035d4   0x00000024   Code   RO         3029    i.OS_PrioRemove     os_prio.o
    0x080035f8   0x00000018   Code   RO         3072    i.OS_QInit          os_q.o
    0x08003610   0x00000188   Code   RO         3073    i.OS_QPost          os_q.o
    0x08003798   0x00000024   Code   RO         2517    i.OS_RdyListInit    os_core.o
    0x080037bc   0x0000002c   Code   RO         2518    i.OS_RdyListInsert  os_core.o
    0x080037e8   0x00000040   Code   RO         2519    i.OS_RdyListInsertHead  os_core.o
    0x08003828   0x0000003c   Code   RO         2520    i.OS_RdyListInsertTail  os_core.o
    0x08003864   0x00000044   Code   RO         2521    i.OS_RdyListMoveHeadToTail  os_core.o
    0x080038a8   0x0000005c   Code   RO         2522    i.OS_RdyListRemove  os_core.o
    0x08003904   0x0000005c   Code   RO         2523    i.OS_Sched0         os_core.o
    0x08003960   0x0000001c   Code   RO         2524    i.OS_SchedLockTimeMeasStart  os_core.o
    0x0800397c   0x0000003c   Code   RO         2525    i.OS_SchedLockTimeMeasStop  os_core.o
    0x080039b8   0x000000ec   Code   RO         2526    i.OS_SchedRoundRobin  os_core.o
    0x08003aa4   0x00000030   Code   RO         3142    i.OS_SemDbgListAdd  os_sem.o
    0x08003ad4   0x00000018   Code   RO         3144    i.OS_SemInit        os_sem.o
    0x08003aec   0x00000198   Code   RO         3145    i.OS_SemPost        os_sem.o
    0x08003c84   0x000003b8   Code   RO         3209    i.OS_StatTask       os_stat.o
    0x0800403c   0x000000cc   Code   RO         3210    i.OS_StatTaskInit   os_stat.o
    0x08004108   0x00000038   Code   RO         2527    i.OS_TaskBlock      os_core.o
    0x08004140   0x00000030   Code   RO         3255    i.OS_TaskDbgListAdd  os_task.o
    0x08004170   0x00000044   Code   RO         3256    i.OS_TaskDbgListRemove  os_task.o
    0x080041b4   0x00000020   Code   RO         3257    i.OS_TaskInit       os_task.o
    0x080041d4   0x000000d0   Code   RO         3258    i.OS_TaskInitTCB    os_task.o
    0x080042a4   0x0000026c   Code   RO         3259    i.OS_TaskQPost      os_task.o
    0x08004510   0x0000001c   Code   RO         2528    i.OS_TaskRdy        os_core.o
    0x0800452c   0x0000017c   Code   RO         3260    i.OS_TaskResume     os_task.o
    0x080046a8   0x00000018   Code   RO         3261    i.OS_TaskReturn     os_task.o
    0x080046c0   0x000005a8   Code   RO         3262    i.OS_TaskSemPost    os_task.o
    0x08004c68   0x00000190   Code   RO         3263    i.OS_TaskSuspend    os_task.o
    0x08004df8   0x00000028   Code   RO         3405    i.OS_TickListInit   os_tick.o
    0x08004e20   0x000001bc   Code   RO         3406    i.OS_TickListInsert  os_tick.o
    0x08004fdc   0x00000038   Code   RO         3407    i.OS_TickListRemove  os_tick.o
    0x08005014   0x00000024   Code   RO         3408    i.OS_TickListResetPeak  os_tick.o
    0x08005038   0x00000220   Code   RO         3409    i.OS_TickListUpdate  os_tick.o
    0x08005258   0x0000002c   Code   RO         3410    i.OS_TickTask       os_tick.o
    0x08005284   0x000000b8   Code   RO         3411    i.OS_TickTaskInit   os_tick.o
    0x0800533c   0x00000128   Code   RO         3504    i.OS_TmrInit        os_tmr.o
    0x08005464   0x000000d0   Code   RO         3505    i.OS_TmrLink        os_tmr.o
    0x08005534   0x00000024   Code   RO         3506    i.OS_TmrResetPeak   os_tmr.o
    0x08005558   0x000000c0   Code   RO         3507    i.OS_TmrTask        os_tmr.o
    0x08005618   0x00000050   Code   RO         3508    i.OS_TmrUnlink      os_tmr.o
    0x08005668   0x00000020   Code   RO          512    i.RCC_APB2PeriphClockCmd  stm32f10x_rcc.o
    0x08005688   0x000000d4   Code   RO          520    i.RCC_GetClocksFreq  stm32f10x_rcc.o
    0x0800575c   0x00000002   Code   RO         1517    i.SVC_Handler       stm32f10x_it.o
    0x0800575e   0x00000002   PAD
    0x08005760   0x00000040   Code   RO         2398    i.SysTick_Handler   os_cpu_c.o
    0x080057a0   0x000000e0   Code   RO          313    i.USART1_IRQHandler  usart1.o
    0x08005880   0x0000001e   Code   RO          709    i.USART_ClearITPendingBit  stm32f10x_usart_1.o
    0x0800589e   0x00000054   Code   RO          716    i.USART_GetITStatus  stm32f10x_usart_1.o
    0x080058f2   0x0000004a   Code   RO          718    i.USART_ITConfig    stm32f10x_usart_1.o
    0x0800593c   0x0000000a   Code   RO          726    i.USART_ReceiveData  stm32f10x_usart_1.o
    0x08005946   0x00000008   Code   RO          729    i.USART_SendData    stm32f10x_usart_1.o
    0x0800594e   0x00000002   Code   RO         1448    i.USART_Task        main.o
    0x08005950   0x00000004   Code   RO         1518    i.UsageFault_Handler  stm32f10x_it.o
    0x08005954   0x00000012   Code   RO           25    i.delay_ms          delay.o
    0x08005966   0x00000002   PAD
    0x08005968   0x00000044   Code   RO           27    i.delay_us          delay.o
    0x080059ac   0x00000068   Code   RO         1449    i.main              main.o
    0x08005a14   0x000000a4   Data   RO         2468    .constdata          os_cfg_app.o
    0x08005ab8   0x0000016c   Data   RO         2736    .constdata          os_dbg.o
    0x08005c24   0x00000020   Data   RO         3757    Region$$Table       anon$$obj.o


    Execution Region RW_IRAM1 (Base: 0x20000000, Size: 0x000037b0, Max: 0x00005000, ABSOLUTE, COMPRESSED[0x00000018])

    Base Addr    Size         Type   Attr      Idx    E Section Name        Object

    0x20000000   0x00000036   Data   RW          318    .data               usart1.o
    0x20000036   0x00000014   Data   RW          540    .data               stm32f10x_rcc.o
    0x2000004a   0x00000002   PAD
    0x2000004c   0x0000001c   Data   RW         1832    .data               cpu_core.o
    0x20000068   0x00000004   Data   RW         2399    .data               os_cpu_c.o
    0x2000006c   0x00000004   Data   RW         3030    .data               os_prio.o
    0x20000070   0x000000d0   Data   RW         3586    .data               os_var.o
    0x20000140   0x00000480   Zero   RW          106    .bss                oled.o
    0x200005c0   0x00000032   Zero   RW          316    .bss                usart1.o
    0x200005f2   0x00000002   PAD
    0x200005f4   0x00000e44   Zero   RW         1450    .bss                main.o
    0x20001438   0x00000010   Zero   RW         1830    .bss                cpu_core.o
    0x20001448   0x00001490   Zero   RW         2467    .bss                os_cfg_app.o
    0x200028d8   0x00000574   Zero   RW         3585    .bss                os_var.o
    0x20002e4c   0x00000060   Zero   RW         3632    .bss                c_w.l(libspace.o)
    0x20002eac   0x00000004   PAD
    0x20002eb0   0x00000100   Zero   RW           18    HEAP                startup_stm32f10x_md.o
    0x20002fb0   0x00000800   Zero   RW           17    STACK               startup_stm32f10x_md.o


==============================================================================

Image component sizes


      Code (inc. data)   RO Data    RW Data    ZI Data      Debug   Object Name

       136         24          0          0          0       2085   bsp.o
         0          0          0          0          0       4536   core_cm3.o
        52          0          0          0          0        324   cpu_a.o
       540         98          0         28         16       9065   cpu_core.o
        86          4          0          0          0     226094   delay.o
       104         16          0          0          0       1041   led.o
       116          0          0          0          0       1960   lib_mem.o
       786        140          0          0       3652       6167   main.o
        20         10          0          0          0        543   misc.o
       904         32          0          0       1152      46980   oled.o
         2          0        164          0       5264      20938   os_cfg_app.o
      3114        424          0          0          0      21294   os_core.o
       132         32          0          0          0        344   os_cpu_a.o
       656         68          0          4          0       7471   os_cpu_c.o
       436        286        364          0          0       4849   os_dbg.o
       746         28          0          0          0       3073   os_flag.o
      1176        204          0          0          0       3474   os_int.o
        24         10          0          0          0        893   os_mem.o
       466         26          0          0          0       3249   os_msg.o
        24         10          0          0          0        899   os_mutex.o
       136         16          0          4          0       2910   os_prio.o
       416         20          0          0          0       2198   os_q.o
       860         50          0          0          0       4407   os_sem.o
      1772        214          0          0          0       4079   os_stat.o
      5460        260          0          0          0      13728   os_task.o
      1348        124          0          0          0       5513   os_tick.o
       968         48          0          0          0       2715   os_time.o
       812        134          0          0          0       4180   os_tmr.o
         0          0          0        208       1396      19445   os_var.o
        56         22        236          0       2304        824   startup_stm32f10x_md.o
       430          6          0          0          0       3998   stm32f10x_gpio.o
        22          0          0          0          0       3091   stm32f10x_it.o
       244         26          0         20          0       3989   stm32f10x_rcc.o
       206          0          0          0          0       4900   stm32f10x_usart_1.o
       224         28          0         54         50       1616   usart1.o

    ----------------------------------------------------------------------
     22488       2360        796        320      13836     442872   Object Totals
         0          0         32          0          0          0   (incl. Generated)
        14          0          0          2          2          0   (incl. Padding)

    ----------------------------------------------------------------------

      Code (inc. data)   RO Data    RW Data    ZI Data      Debug   Library Member Name

        90          0          0          0          0          0   __dczerorl2.o
         8          0          0          0          0         68   __main.o
         0          0          0          0          0          0   __rtentry.o
        12          0          0          0          0          0   __rtentry2.o
         6          0          0          0          0          0   __rtentry4.o
        52          8          0          0          0          0   __scatter.o
        28          0          0          0          0          0   __scatter_zi.o
        12          0          0          0          0         72   exit.o
         6          0          0          0          0        152   heapauxi.o
         0          0          0          0          0          0   indicate_semi.o
         2          0          0          0          0          0   libinit.o
         2          0          0          0          0          0   libinit2.o
         2          0          0          0          0          0   libshutdown.o
         2          0          0          0          0          0   libshutdown2.o
         8          4          0          0         96         68   libspace.o
         2          0          0          0          0          0   rtexit.o
        10          0          0          0          0          0   rtexit2.o
        12          4          0          0          0         68   sys_exit.o
        74          0          0          0          0         80   sys_stackheap_outer.o
         2          0          0          0          0         68   use_no_semi.o

    ----------------------------------------------------------------------
       336         16          0          0        100        576   Library Totals
         6          0          0          0          4          0   (incl. Padding)

    ----------------------------------------------------------------------

      Code (inc. data)   RO Data    RW Data    ZI Data      Debug   Library Name

       330         16          0          0         96        576   c_w.l

    ----------------------------------------------------------------------
       336         16          0          0        100        576   Library Totals

    ----------------------------------------------------------------------

==============================================================================


      Code (inc. data)   RO Data    RW Data    ZI Data      Debug   

     22824       2376        796        320      13936     435072   Grand Totals
     22824       2376        796         24      13936     435072   ELF Image Totals (compressed)
     22824       2376        796         24          0          0   ROM Totals

==============================================================================

    Total RO  Size (Code + RO Data)                23620 (  23.07kB)
    Total RW  Size (RW Data + ZI Data)             14256 (  13.92kB)
    Total ROM Size (Code + RO Data + RW Data)      23644 (  23.09kB)

==============================================================================

